== size audit: wildfake_test
biggan           n=   44  200x200:44
ddim             n=  103  256x256:103
ddpm             n= 1010  256x256:1010
real             n=   90  200x200:90
stargan          n=   55  200x200:55
stylegan         n=   90  200x200:90
vqvae            n=  108  200x200:108
8843 fakes + 4998 original-res reals -> data/manifests/official_v2.csv
== size audit: official_v2
dalle_advanced   n=  971  1024x1024:823, 1792x1024:125, 1080x618:13, 1024x1792:6
real             n=  529  640x480:115, 640x427:59, 480x640:34, 500x375:25
[ 1/15] clean            8.1s  (eta ~ 114s)
[ 2/15] jpeg_q90        12.3s  (eta ~ 133s)
[ 3/15] jpeg_q70        11.7s  (eta ~ 128s)
[ 4/15] jpeg_q50        11.5s  (eta ~ 120s)
[ 5/15] jpeg_q30        11.1s  (eta ~ 109s)
[ 6/15] blur_s0.5       35.6s  (eta ~ 135s)
[ 7/15] blur_s1.0       35.5s  (eta ~ 144s)
[ 8/15] blur_s2.0       35.5s  (eta ~ 141s)
[ 9/15] resize_0.5x     17.1s  (eta ~ 119s)
[10/15] resize_0.25x    14.8s  (eta ~  97s)
[11/15] noise_s0.02     38.2s  (eta ~  84s)
[12/15] noise_s0.05     37.0s  (eta ~  67s)
[13/15] noise_s0.10     37.0s  (eta ~  47s)
[14/15] jitter_20       14.8s  (eta ~  23s)
[15/15] crop_80          7.5s  (eta ~   0s)
# Robustness evaluation — model `patch_relation`

Threshold frozen on clean val: 0.0040

| condition | AUROC | bal.acc @ frozen thr | FPR@95%TPR | n |
|---|---|---|---|---|
| clean | 0.2720 | 0.5012 | 0.9666 | 1200 |
| jpeg_q90 | 0.3675 | 0.5036 | 0.9379 | 1200 |
| jpeg_q70 | 0.3298 | 0.5024 | 0.9451 | 1200 |
| jpeg_q50 | 0.3261 | 0.5012 | 0.9499 | 1200 |
| jpeg_q30 | 0.2641 | 0.5000 | 0.9666 | 1200 |
| blur_s0.5 | 0.2823 | 0.4999 | 0.9594 | 1200 |
| blur_s1.0 | 0.4120 | 0.5051 | 0.9069 | 1200 |
| blur_s2.0 | 0.5645 | 0.5047 | 0.8663 | 1200 |
| resize_0.5x | 0.3749 | 0.5040 | 0.9308 | 1200 |
| resize_0.25x | 0.6073 | 0.5083 | 0.8425 | 1200 |
| noise_s0.02 | 0.2751 | 0.5012 | 0.9690 | 1200 |
| noise_s0.05 | 0.3059 | 0.5000 | 0.9618 | 1200 |
| noise_s0.10 | 0.3383 | 0.5000 | 0.9666 | 1200 |
| jitter_20 | 0.2780 | 0.5023 | 0.9690 | 1200 |
| crop_80 | 0.2951 | 0.5006 | 0.9714 | 1200 |

**Clean AUROC:** 0.2720 · **Mean transformed:** 0.3586 · **Worst:** 0.2641 (jpeg_q30)

## Per-generator (each generator's fakes vs all reals)

| generator | n fake | clean AUROC | mean transformed | worst |
|---|---|---|---|---|
| dalle_advanced | 781 | 0.2720 | 0.3586 | 0.2641 |

Saved to outputs/patch_relation/eval_official_v2/
[ 1/15] clean           19.1s  (eta ~ 267s)
[ 2/15] jpeg_q90        22.9s  (eta ~ 273s)
[ 3/15] jpeg_q70        22.5s  (eta ~ 258s)
[ 4/15] jpeg_q50        22.1s  (eta ~ 238s)
[ 5/15] jpeg_q30        21.7s  (eta ~ 216s)
[ 6/15] blur_s0.5       45.9s  (eta ~ 231s)
[ 7/15] blur_s1.0       45.8s  (eta ~ 228s)
[ 8/15] blur_s2.0       47.9s  (eta ~ 217s)
[ 9/15] resize_0.5x     30.8s  (eta ~ 186s)
[10/15] resize_0.25x    29.0s  (eta ~ 154s)
[11/15] noise_s0.02     52.3s  (eta ~ 131s)
[12/15] noise_s0.05     52.2s  (eta ~ 103s)
[13/15] noise_s0.10     51.3s  (eta ~  71s)
[14/15] jitter_20       26.0s  (eta ~  35s)
[15/15] crop_80         16.1s  (eta ~   0s)
# Robustness evaluation — model `std+patch_relation`

Threshold frozen on clean val: 0.9913

| condition | AUROC | bal.acc @ frozen thr | FPR@95%TPR | n |
|---|---|---|---|---|
| clean | 0.8856 | 0.8149 | 0.4439 | 1200 |
| jpeg_q90 | 0.9401 | 0.8711 | 0.2530 | 1200 |
| jpeg_q70 | 0.9325 | 0.8619 | 0.2840 | 1200 |
| jpeg_q50 | 0.9286 | 0.8578 | 0.3055 | 1200 |
| jpeg_q30 | 0.9056 | 0.8370 | 0.4153 | 1200 |
| blur_s0.5 | 0.8791 | 0.8081 | 0.5084 | 1200 |
| blur_s1.0 | 0.7839 | 0.7058 | 0.7542 | 1200 |
| blur_s2.0 | 0.7199 | 0.6334 | 0.8998 | 1200 |
| resize_0.5x | 0.7561 | 0.6852 | 0.7995 | 1200 |
| resize_0.25x | 0.7952 | 0.6911 | 0.7947 | 1200 |
| noise_s0.02 | 0.8944 | 0.8128 | 0.4248 | 1200 |
| noise_s0.05 | 0.9168 | 0.8378 | 0.3341 | 1200 |
| noise_s0.10 | 0.9301 | 0.8526 | 0.2936 | 1200 |
| jitter_20 | 0.8466 | 0.7583 | 0.5155 | 1200 |
| crop_80 | 0.9690 | 0.8873 | 0.1146 | 1200 |

**Clean AUROC:** 0.8856 · **Mean transformed:** 0.8713 · **Worst:** 0.7199 (blur_s2.0)

## Per-generator (each generator's fakes vs all reals)

| generator | n fake | clean AUROC | mean transformed | worst |
|---|---|---|---|---|
| dalle_advanced | 781 | 0.8856 | 0.8713 | 0.7199 |

Saved to outputs/patch_relation/eval_official_v2_std/
[ 1/15] clean           54.0s  (eta ~ 756s)
[ 2/15] jpeg_q90        58.8s  (eta ~ 733s)
[ 3/15] jpeg_q70        56.6s  (eta ~ 677s)
[ 4/15] jpeg_q50        56.8s  (eta ~ 622s)
Terminated
RETRY 1 failed: python -m src.evaluate --manifest data/manifests/official_v2.csv --model noise+patch_relation --out outputs/patch_relation/eval_official_v2_noise --limit 1200
[ 1/15] clean           53.2s  (eta ~ 745s)
[ 2/15] jpeg_q90        58.4s  (eta ~ 726s)
[ 3/15] jpeg_q70        57.6s  (eta ~ 677s)
[ 4/15] jpeg_q50        56.5s  (eta ~ 621s)
[ 5/15] jpeg_q30        55.9s  (eta ~ 563s)
Terminated
RETRY 2 failed: python -m src.evaluate --manifest data/manifests/official_v2.csv --model noise+patch_relation --out outputs/patch_relation/eval_official_v2_noise --limit 1200
[ 1/15] clean           54.0s  (eta ~ 757s)
[ 2/15] jpeg_q90        59.7s  (eta ~ 740s)
[ 3/15] jpeg_q70        59.7s  (eta ~ 694s)
[ 4/15] jpeg_q50        58.8s  (eta ~ 639s)
[ 5/15] jpeg_q30        58.5s  (eta ~ 582s)
[ 6/15] blur_s0.5       83.2s  (eta ~ 561s)
[ 7/15] blur_s1.0       82.9s  (eta ~ 522s)
[ 8/15] blur_s2.0       82.9s  (eta ~ 472s)
[ 9/15] resize_0.5x     64.6s  (eta ~ 403s)
[10/15] resize_0.25x    62.4s  (eta ~ 333s)
[11/15] noise_s0.02     85.9s  (eta ~ 274s)
[12/15] noise_s0.05     85.0s  (eta ~ 209s)
[13/15] noise_s0.10     83.7s  (eta ~ 142s)
[14/15] jitter_20       60.7s  (eta ~  70s)
[15/15] crop_80         35.9s  (eta ~   0s)
# Robustness evaluation — model `noise+patch_relation`

Threshold frozen on clean val: 0.9970

| condition | AUROC | bal.acc @ frozen thr | FPR@95%TPR | n |
|---|---|---|---|---|
| clean | 0.3349 | 0.5039 | 0.9666 | 1200 |
| jpeg_q90 | 0.3525 | 0.5039 | 0.9642 | 1200 |
| jpeg_q70 | 0.3608 | 0.5003 | 0.9690 | 1200 |
| jpeg_q50 | 0.4072 | 0.5015 | 0.9594 | 1200 |
| jpeg_q30 | 0.3457 | 0.5039 | 0.9594 | 1200 |
| blur_s0.5 | 0.3098 | 0.5033 | 0.9690 | 1200 |
| blur_s1.0 | 0.3077 | 0.5016 | 0.9714 | 1200 |
| blur_s2.0 | 0.3480 | 0.5034 | 0.9618 | 1200 |
| resize_0.5x | 0.3063 | 0.5022 | 0.9714 | 1200 |
| resize_0.25x | 0.3691 | 0.5052 | 0.9618 | 1200 |
| noise_s0.02 | 0.3327 | 0.5016 | 0.9666 | 1200 |
| noise_s0.05 | 0.3309 | 0.5017 | 0.9618 | 1200 |
| noise_s0.10 | 0.3440 | 0.5024 | 0.9690 | 1200 |
| jitter_20 | 0.3476 | 0.4974 | 0.9666 | 1200 |
| crop_80 | 0.3208 | 0.5058 | 0.9618 | 1200 |

**Clean AUROC:** 0.3349 · **Mean transformed:** 0.3417 · **Worst:** 0.3063 (resize_0.5x)

## Per-generator (each generator's fakes vs all reals)

| generator | n fake | clean AUROC | mean transformed | worst |
|---|---|---|---|---|
| dalle_advanced | 781 | 0.3349 | 0.3417 | 0.3063 |

Saved to outputs/patch_relation/eval_official_v2_noise/
[ 1/15] clean           20.2s  (eta ~ 283s)
[ 2/15] jpeg_q90        24.7s  (eta ~ 292s)
[ 3/15] jpeg_q70        24.1s  (eta ~ 276s)
[ 4/15] jpeg_q50        23.6s  (eta ~ 255s)
[ 5/15] jpeg_q30        23.2s  (eta ~ 232s)
[ 6/15] blur_s0.5       47.7s  (eta ~ 245s)
[ 7/15] blur_s1.0       47.6s  (eta ~ 241s)
[ 8/15] blur_s2.0       47.5s  (eta ~ 226s)
[ 9/15] resize_0.5x     29.1s  (eta ~ 192s)
[10/15] resize_0.25x    26.8s  (eta ~ 157s)
[11/15] noise_s0.02     48.8s  (eta ~ 132s)
[12/15] noise_s0.05     48.9s  (eta ~ 103s)
[13/15] noise_s0.10     49.4s  (eta ~  71s)
[14/15] jitter_20       27.1s  (eta ~  35s)
[15/15] crop_80         17.3s  (eta ~   0s)
# Robustness evaluation — model `std+vote+resnet_ft`

Threshold frozen on clean val: 0.9302

| condition | AUROC | bal.acc @ frozen thr | FPR@95%TPR | n |
|---|---|---|---|---|
| clean | 0.8890 | 0.8174 | 0.4129 | 1200 |
| jpeg_q90 | 0.9439 | 0.8662 | 0.2339 | 1200 |
| jpeg_q70 | 0.9405 | 0.8563 | 0.2601 | 1200 |
| jpeg_q50 | 0.9375 | 0.8557 | 0.2816 | 1200 |
| jpeg_q30 | 0.9136 | 0.8288 | 0.3365 | 1200 |
| blur_s0.5 | 0.8931 | 0.8163 | 0.4368 | 1200 |
| blur_s1.0 | 0.8109 | 0.7124 | 0.6969 | 1200 |
| blur_s2.0 | 0.7291 | 0.6325 | 0.8687 | 1200 |
| resize_0.5x | 0.7759 | 0.6914 | 0.7637 | 1200 |
| resize_0.25x | 0.7952 | 0.6852 | 0.7947 | 1200 |
| noise_s0.02 | 0.8966 | 0.8146 | 0.3914 | 1200 |
| noise_s0.05 | 0.9157 | 0.8306 | 0.3222 | 1200 |
| noise_s0.10 | 0.9231 | 0.8343 | 0.2768 | 1200 |
| jitter_20 | 0.8530 | 0.7578 | 0.4726 | 1200 |
| crop_80 | 0.9702 | 0.8826 | 0.0883 | 1200 |

**Clean AUROC:** 0.8890 · **Mean transformed:** 0.8784 · **Worst:** 0.7291 (blur_s2.0)

## Per-generator (each generator's fakes vs all reals)

| generator | n fake | clean AUROC | mean transformed | worst |
|---|---|---|---|---|
| dalle_advanced | 781 | 0.8890 | 0.8784 | 0.7291 |

Saved to outputs/resnet_ft/eval_official_v2_stdvote/
[ 1/15] clean           10.9s  (eta ~ 152s)
[ 2/15] jpeg_q90        11.0s  (eta ~ 142s)
[ 3/15] jpeg_q70        10.8s  (eta ~ 131s)
[ 4/15] jpeg_q50        10.8s  (eta ~ 120s)
[ 5/15] jpeg_q30        10.8s  (eta ~ 109s)
[ 6/15] blur_s0.5       12.2s  (eta ~ 100s)
[ 7/15] blur_s1.0       12.4s  (eta ~  90s)
[ 8/15] blur_s2.0       12.3s  (eta ~  80s)
[ 9/15] resize_0.5x     11.2s  (eta ~  68s)
[10/15] resize_0.25x    11.1s  (eta ~  57s)
[11/15] noise_s0.02     12.5s  (eta ~  46s)
[12/15] noise_s0.05     12.5s  (eta ~  35s)
[13/15] noise_s0.10     12.5s  (eta ~  23s)
[14/15] jitter_20       11.1s  (eta ~  12s)
[15/15] crop_80         10.3s  (eta ~   0s)
# Robustness evaluation — model `std+patch_relation`

Threshold frozen on clean val: 0.8555

| condition | AUROC | bal.acc @ frozen thr | FPR@95%TPR | n |
|---|---|---|---|---|
| clean | 0.5032 | 0.6458 | 0.9726 | 1200 |
| jpeg_q90 | 0.4424 | 0.6039 | 0.9726 | 1200 |
| jpeg_q70 | 0.4303 | 0.5880 | 0.9726 | 1200 |
| jpeg_q50 | 0.4317 | 0.5549 | 0.9863 | 1200 |
| jpeg_q30 | 0.4911 | 0.5445 | 0.9726 | 1200 |
| blur_s0.5 | 0.5866 | 0.6760 | 0.9726 | 1200 |
| blur_s1.0 | 0.6225 | 0.6840 | 0.9726 | 1200 |
| blur_s2.0 | 0.3670 | 0.4067 | 0.9863 | 1200 |
| resize_0.5x | 0.5571 | 0.6190 | 0.9726 | 1200 |
| resize_0.25x | 0.3718 | 0.4042 | 0.9863 | 1200 |
| noise_s0.02 | 0.4135 | 0.5127 | 0.9863 | 1200 |
| noise_s0.05 | 0.2823 | 0.3358 | 0.9863 | 1200 |
| noise_s0.10 | 0.1651 | 0.2766 | 0.9863 | 1200 |
| jitter_20 | 0.4538 | 0.5966 | 0.9863 | 1200 |
| crop_80 | 0.4441 | 0.5881 | 0.9726 | 1200 |

**Clean AUROC:** 0.5032 · **Mean transformed:** 0.4328 · **Worst:** 0.1651 (noise_s0.10)

## Per-generator (each generator's fakes vs all reals)

| generator | n fake | clean AUROC | mean transformed | worst |
|---|---|---|---|---|
| biggan | 35 | 0.6564 | 0.5885 | 0.4540 |
| ddim | 74 | 0.8456 | 0.7454 | 0.1879 |
| ddpm | 812 | 0.4293 | 0.3641 | 0.0417 |
| stargan | 48 | 0.7003 | 0.5912 | 0.4449 |
| stylegan | 69 | 0.6534 | 0.5736 | 0.4513 |
| vqvae | 89 | 0.6100 | 0.5444 | 0.4801 |

Saved to outputs/patch_relation/eval_wf_test_std/
FIX DONE
