weights: RES=outputs/resnet_ft/wf_aug.pt CLIP=outputs/clip_linear/baseline.pt CNN=outputs/cnn/baseline.pt
device=cuda augment=True blur_boost=True crop=224
params: 23,510,081
epoch 1: loss=0.3970 val_auroc=0.8234 (83s)
epoch 2: loss=0.3745 val_auroc=0.8101 (83s)
epoch 3: loss=0.3649 val_auroc=0.8297 (83s)
epoch 4: loss=0.3562 val_auroc=0.8312 (84s)
epoch 5: loss=0.3487 val_auroc=0.8304 (84s)
epoch 6: loss=0.3397 val_auroc=0.8295 (84s)
best val AUROC 0.8312; weights -> outputs/resnet_ft/wf_blur.pt
[ 1/15] clean            6.1s  (eta ~  85s)
[ 2/15] jpeg_q90         6.1s  (eta ~  79s)
[ 3/15] jpeg_q70         5.9s  (eta ~  73s)
[ 4/15] jpeg_q50         6.0s  (eta ~  67s)
[ 5/15] jpeg_q30         6.0s  (eta ~  60s)
[ 6/15] blur_s0.5        7.3s  (eta ~  56s)
[ 7/15] blur_s1.0        7.4s  (eta ~  51s)
[ 8/15] blur_s2.0        7.4s  (eta ~  46s)
[ 9/15] resize_0.5x      6.3s  (eta ~  39s)
[10/15] resize_0.25x     6.2s  (eta ~  32s)
[11/15] noise_s0.02      7.6s  (eta ~  26s)
[12/15] noise_s0.05      7.6s  (eta ~  20s)
[13/15] noise_s0.10      7.6s  (eta ~  13s)
[14/15] jitter_20        6.2s  (eta ~   7s)
[15/15] crop_80          2.2s  (eta ~   0s)
# Robustness evaluation — model `vote+resnet_ft`

Threshold frozen on clean val: 0.6994

| condition | AUROC | bal.acc @ frozen thr | FPR@95%TPR | n |
|---|---|---|---|---|
| clean | 0.8813 | 0.8329 | 0.8493 | 1200 |
| jpeg_q90 | 0.8603 | 0.8003 | 0.8493 | 1200 |
| jpeg_q70 | 0.8548 | 0.8001 | 0.8493 | 1200 |
| jpeg_q50 | 0.8296 | 0.7866 | 0.8630 | 1200 |
| jpeg_q30 | 0.7434 | 0.7336 | 0.9041 | 1200 |
| blur_s0.5 | 0.8137 | 0.7832 | 0.9041 | 1200 |
| blur_s1.0 | 0.7525 | 0.7301 | 0.9178 | 1200 |
| blur_s2.0 | 0.8021 | 0.7682 | 0.9178 | 1200 |
| resize_0.5x | 0.7817 | 0.7512 | 0.9178 | 1200 |
| resize_0.25x | 0.7808 | 0.7423 | 0.9315 | 1200 |
| noise_s0.02 | 0.8922 | 0.8216 | 0.7534 | 1200 |
| noise_s0.05 | 0.9322 | 0.8450 | 0.3425 | 1200 |
| noise_s0.10 | 0.9574 | 0.8618 | 0.2329 | 1200 |
| jitter_20 | 0.8564 | 0.8127 | 0.8356 | 1200 |
| crop_80 | 0.6249 | 0.6752 | 0.9589 | 1200 |

**Clean AUROC:** 0.8813 · **Mean transformed:** 0.8201 · **Worst:** 0.6249 (crop_80)

## Per-generator (each generator's fakes vs all reals)

| generator | n fake | clean AUROC | mean transformed | worst |
|---|---|---|---|---|
| biggan | 35 | 0.9186 | 0.9090 | 0.8775 |
| ddim | 74 | 0.9830 | 0.9775 | 0.9404 |
| ddpm | 812 | 0.8869 | 0.8039 | 0.5396 |
| stargan | 48 | 0.9147 | 0.9124 | 0.8810 |
| stylegan | 69 | 0.9126 | 0.9098 | 0.8854 |
| vqvae | 89 | 0.6888 | 0.6836 | 0.6397 |

Saved to outputs/resnet_ft/eval_wf_test_blurvote/
[ 1/15] clean            6.8s  (eta ~  96s)
[ 2/15] jpeg_q90        10.1s  (eta ~ 110s)
[ 3/15] jpeg_q70         9.9s  (eta ~ 107s)
[ 4/15] jpeg_q50         9.5s  (eta ~ 100s)
[ 5/15] jpeg_q30         9.4s  (eta ~  92s)
[ 6/15] blur_s0.5       29.9s  (eta ~ 113s)
[ 7/15] blur_s1.0       29.8s  (eta ~ 121s)
[ 8/15] blur_s2.0       29.7s  (eta ~ 118s)
[ 9/15] resize_0.5x     14.5s  (eta ~ 100s)
[10/15] resize_0.25x    12.5s  (eta ~  81s)
[11/15] noise_s0.02     32.1s  (eta ~  71s)
[12/15] noise_s0.05     32.0s  (eta ~  57s)
[13/15] noise_s0.10     32.0s  (eta ~  40s)
[14/15] jitter_20       12.5s  (eta ~  19s)
[15/15] crop_80          6.5s  (eta ~   0s)
# Robustness evaluation — model `vote+resnet_ft`

Threshold frozen on clean val: 0.5325

| condition | AUROC | bal.acc @ frozen thr | FPR@95%TPR | n |
|---|---|---|---|---|
| clean | 0.9516 | 0.8986 | 0.1667 | 1200 |
| jpeg_q90 | 0.9634 | 0.9194 | 0.1250 | 1200 |
| jpeg_q70 | 0.9665 | 0.9184 | 0.1031 | 1200 |
| jpeg_q50 | 0.9693 | 0.9133 | 0.0921 | 1200 |
| jpeg_q30 | 0.9597 | 0.8998 | 0.1075 | 1200 |
| blur_s0.5 | 0.9177 | 0.8669 | 0.2412 | 1200 |
| blur_s1.0 | 0.8265 | 0.7795 | 0.4386 | 1200 |
| blur_s2.0 | 0.8533 | 0.7922 | 0.3969 | 1200 |
| resize_0.5x | 0.8386 | 0.7972 | 0.4123 | 1200 |
| resize_0.25x | 0.8775 | 0.8304 | 0.3224 | 1200 |
| noise_s0.02 | 0.9754 | 0.9312 | 0.0877 | 1200 |
| noise_s0.05 | 0.9915 | 0.9518 | 0.0241 | 1200 |
| noise_s0.10 | 0.9976 | 0.9664 | 0.0044 | 1200 |
| jitter_20 | 0.9423 | 0.8727 | 0.1952 | 1200 |
| crop_80 | 0.9676 | 0.9054 | 0.1382 | 1200 |

**Clean AUROC:** 0.9516 · **Mean transformed:** 0.9319 · **Worst:** 0.8265 (blur_s1.0)

## Per-generator (each generator's fakes vs all reals)

| generator | n fake | clean AUROC | mean transformed | worst |
|---|---|---|---|---|
| dalle_advanced | 744 | 0.9516 | 0.9319 | 0.8265 |

Saved to outputs/resnet_ft/eval_official_blurvote/
Traceback (most recent call last):
  File "<frozen runpy>", line 198, in _run_module_as_main
  File "<frozen runpy>", line 88, in _run_code
  File "/home/chim/techjam-2026-track5/src/evaluate.py", line 177, in <module>
    main()
    ~~~~^^
  File "/home/chim/techjam-2026-track5/src/evaluate.py", line 159, in main
    model = load_model(args.model)
  File "/home/chim/techjam-2026-track5/src/model.py", line 113, in load_model
    return CropVoteModel(load_model(name[len("vote+"):]))
                         ~~~~~~~~~~^^^^^^^^^^^^^^^^^^^^^
  File "/home/chim/techjam-2026-track5/src/model.py", line 119, in load_model
    return cls(path or default_weights)
  File "/home/chim/techjam-2026-track5/src/approaches/clip_linear/model.py", line 57, in __init__
    ckpt = torch.load(weights_path, map_location="cpu", weights_only=False)
  File "/home/chim/techjam-2026-track5/.venv/lib/python3.13/site-packages/torch/serialization.py", line 1561, in load
    with _open_file_like(f, "rb") as opened_file:
         ~~~~~~~~~~~~~~~^^^^^^^^^
  File "/home/chim/techjam-2026-track5/.venv/lib/python3.13/site-packages/torch/serialization.py", line 795, in _open_file_like
    return _open_file(name_or_buffer, mode)
  File "/home/chim/techjam-2026-track5/.venv/lib/python3.13/site-packages/torch/serialization.py", line 776, in __init__
    super().__init__(open(name, mode))  # noqa: SIM115
                     ~~~~^^^^^^^^^^^^
FileNotFoundError: [Errno 2] No such file or directory: 'outputs/clip_linear/baseline.pt'
RETRY 1 failed: python -m src.evaluate --manifest data/manifests/wildfake_test.csv --model vote+clip_linear:outputs/clip_linear/baseline.pt --out outputs/clip_linear/eval_wf_test_vote --limit 1200
Traceback (most recent call last):
  File "<frozen runpy>", line 198, in _run_module_as_main
  File "<frozen runpy>", line 88, in _run_code
  File "/home/chim/techjam-2026-track5/src/evaluate.py", line 177, in <module>
    main()
    ~~~~^^
  File "/home/chim/techjam-2026-track5/src/evaluate.py", line 159, in main
    model = load_model(args.model)
  File "/home/chim/techjam-2026-track5/src/model.py", line 113, in load_model
    return CropVoteModel(load_model(name[len("vote+"):]))
                         ~~~~~~~~~~^^^^^^^^^^^^^^^^^^^^^
  File "/home/chim/techjam-2026-track5/src/model.py", line 119, in load_model
    return cls(path or default_weights)
  File "/home/chim/techjam-2026-track5/src/approaches/clip_linear/model.py", line 57, in __init__
    ckpt = torch.load(weights_path, map_location="cpu", weights_only=False)
  File "/home/chim/techjam-2026-track5/.venv/lib/python3.13/site-packages/torch/serialization.py", line 1561, in load
    with _open_file_like(f, "rb") as opened_file:
         ~~~~~~~~~~~~~~~^^^^^^^^^
  File "/home/chim/techjam-2026-track5/.venv/lib/python3.13/site-packages/torch/serialization.py", line 795, in _open_file_like
    return _open_file(name_or_buffer, mode)
  File "/home/chim/techjam-2026-track5/.venv/lib/python3.13/site-packages/torch/serialization.py", line 776, in __init__
    super().__init__(open(name, mode))  # noqa: SIM115
                     ~~~~^^^^^^^^^^^^
FileNotFoundError: [Errno 2] No such file or directory: 'outputs/clip_linear/baseline.pt'
RETRY 2 failed: python -m src.evaluate --manifest data/manifests/wildfake_test.csv --model vote+clip_linear:outputs/clip_linear/baseline.pt --out outputs/clip_linear/eval_wf_test_vote --limit 1200
Traceback (most recent call last):
  File "<frozen runpy>", line 198, in _run_module_as_main
  File "<frozen runpy>", line 88, in _run_code
  File "/home/chim/techjam-2026-track5/src/evaluate.py", line 177, in <module>
    main()
    ~~~~^^
  File "/home/chim/techjam-2026-track5/src/evaluate.py", line 159, in main
    model = load_model(args.model)
  File "/home/chim/techjam-2026-track5/src/model.py", line 113, in load_model
    return CropVoteModel(load_model(name[len("vote+"):]))
                         ~~~~~~~~~~^^^^^^^^^^^^^^^^^^^^^
  File "/home/chim/techjam-2026-track5/src/model.py", line 119, in load_model
    return cls(path or default_weights)
  File "/home/chim/techjam-2026-track5/src/approaches/clip_linear/model.py", line 57, in __init__
    ckpt = torch.load(weights_path, map_location="cpu", weights_only=False)
  File "/home/chim/techjam-2026-track5/.venv/lib/python3.13/site-packages/torch/serialization.py", line 1561, in load
    with _open_file_like(f, "rb") as opened_file:
         ~~~~~~~~~~~~~~~^^^^^^^^^
  File "/home/chim/techjam-2026-track5/.venv/lib/python3.13/site-packages/torch/serialization.py", line 795, in _open_file_like
    return _open_file(name_or_buffer, mode)
  File "/home/chim/techjam-2026-track5/.venv/lib/python3.13/site-packages/torch/serialization.py", line 776, in __init__
    super().__init__(open(name, mode))  # noqa: SIM115
                     ~~~~^^^^^^^^^^^^
FileNotFoundError: [Errno 2] No such file or directory: 'outputs/clip_linear/baseline.pt'
RETRY 3 failed: python -m src.evaluate --manifest data/manifests/wildfake_test.csv --model vote+clip_linear:outputs/clip_linear/baseline.pt --out outputs/clip_linear/eval_wf_test_vote --limit 1200
Traceback (most recent call last):
  File "<frozen runpy>", line 198, in _run_module_as_main
  File "<frozen runpy>", line 88, in _run_code
  File "/home/chim/techjam-2026-track5/src/evaluate.py", line 177, in <module>
    main()
    ~~~~^^
  File "/home/chim/techjam-2026-track5/src/evaluate.py", line 159, in main
    model = load_model(args.model)
  File "/home/chim/techjam-2026-track5/src/model.py", line 113, in load_model
    return CropVoteModel(load_model(name[len("vote+"):]))
                         ~~~~~~~~~~^^^^^^^^^^^^^^^^^^^^^
  File "/home/chim/techjam-2026-track5/src/model.py", line 119, in load_model
    return cls(path or default_weights)
  File "/home/chim/techjam-2026-track5/src/approaches/clip_linear/model.py", line 57, in __init__
    ckpt = torch.load(weights_path, map_location="cpu", weights_only=False)
  File "/home/chim/techjam-2026-track5/.venv/lib/python3.13/site-packages/torch/serialization.py", line 1561, in load
    with _open_file_like(f, "rb") as opened_file:
         ~~~~~~~~~~~~~~~^^^^^^^^^
  File "/home/chim/techjam-2026-track5/.venv/lib/python3.13/site-packages/torch/serialization.py", line 795, in _open_file_like
    return _open_file(name_or_buffer, mode)
  File "/home/chim/techjam-2026-track5/.venv/lib/python3.13/site-packages/torch/serialization.py", line 776, in __init__
    super().__init__(open(name, mode))  # noqa: SIM115
                     ~~~~^^^^^^^^^^^^
FileNotFoundError: [Errno 2] No such file or directory: 'outputs/clip_linear/baseline.pt'
RETRY 4 failed: python -m src.evaluate --manifest data/manifests/wildfake_test.csv --model vote+clip_linear:outputs/clip_linear/baseline.pt --out outputs/clip_linear/eval_wf_test_vote --limit 1200
Traceback (most recent call last):
  File "<frozen runpy>", line 198, in _run_module_as_main
  File "<frozen runpy>", line 88, in _run_code
  File "/home/chim/techjam-2026-track5/src/evaluate.py", line 177, in <module>
    main()
    ~~~~^^
  File "/home/chim/techjam-2026-track5/src/evaluate.py", line 159, in main
    model = load_model(args.model)
  File "/home/chim/techjam-2026-track5/src/model.py", line 113, in load_model
    return CropVoteModel(load_model(name[len("vote+"):]))
                         ~~~~~~~~~~^^^^^^^^^^^^^^^^^^^^^
  File "/home/chim/techjam-2026-track5/src/model.py", line 119, in load_model
    return cls(path or default_weights)
  File "/home/chim/techjam-2026-track5/src/approaches/clip_linear/model.py", line 57, in __init__
    ckpt = torch.load(weights_path, map_location="cpu", weights_only=False)
  File "/home/chim/techjam-2026-track5/.venv/lib/python3.13/site-packages/torch/serialization.py", line 1561, in load
    with _open_file_like(f, "rb") as opened_file:
         ~~~~~~~~~~~~~~~^^^^^^^^^
  File "/home/chim/techjam-2026-track5/.venv/lib/python3.13/site-packages/torch/serialization.py", line 795, in _open_file_like
    return _open_file(name_or_buffer, mode)
  File "/home/chim/techjam-2026-track5/.venv/lib/python3.13/site-packages/torch/serialization.py", line 776, in __init__
    super().__init__(open(name, mode))  # noqa: SIM115
                     ~~~~^^^^^^^^^^^^
FileNotFoundError: [Errno 2] No such file or directory: 'outputs/clip_linear/baseline.pt'
RETRY 5 failed: python -m src.evaluate --manifest data/manifests/wildfake_test.csv --model vote+clip_linear:outputs/clip_linear/baseline.pt --out outputs/clip_linear/eval_wf_test_vote --limit 1200
GIVING UP: python -m src.evaluate --manifest data/manifests/wildfake_test.csv --model vote+clip_linear:outputs/clip_linear/baseline.pt --out outputs/clip_linear/eval_wf_test_vote --limit 1200
Traceback (most recent call last):
  File "<frozen runpy>", line 198, in _run_module_as_main
  File "<frozen runpy>", line 88, in _run_code
  File "/home/chim/techjam-2026-track5/src/evaluate.py", line 177, in <module>
    main()
    ~~~~^^
  File "/home/chim/techjam-2026-track5/src/evaluate.py", line 159, in main
    model = load_model(args.model)
  File "/home/chim/techjam-2026-track5/src/model.py", line 113, in load_model
    return CropVoteModel(load_model(name[len("vote+"):]))
                         ~~~~~~~~~~^^^^^^^^^^^^^^^^^^^^^
  File "/home/chim/techjam-2026-track5/src/model.py", line 119, in load_model
    return cls(path or default_weights)
  File "/home/chim/techjam-2026-track5/src/approaches/clip_linear/model.py", line 57, in __init__
    ckpt = torch.load(weights_path, map_location="cpu", weights_only=False)
  File "/home/chim/techjam-2026-track5/.venv/lib/python3.13/site-packages/torch/serialization.py", line 1561, in load
    with _open_file_like(f, "rb") as opened_file:
         ~~~~~~~~~~~~~~~^^^^^^^^^
  File "/home/chim/techjam-2026-track5/.venv/lib/python3.13/site-packages/torch/serialization.py", line 795, in _open_file_like
    return _open_file(name_or_buffer, mode)
  File "/home/chim/techjam-2026-track5/.venv/lib/python3.13/site-packages/torch/serialization.py", line 776, in __init__
    super().__init__(open(name, mode))  # noqa: SIM115
                     ~~~~^^^^^^^^^^^^
FileNotFoundError: [Errno 2] No such file or directory: 'outputs/clip_linear/baseline.pt'
RETRY 1 failed: python -m src.evaluate --manifest data/manifests/official_val.csv --model vote+clip_linear:outputs/clip_linear/baseline.pt --out outputs/clip_linear/eval_official_vote --limit 1200
Traceback (most recent call last):
  File "<frozen runpy>", line 198, in _run_module_as_main
  File "<frozen runpy>", line 88, in _run_code
  File "/home/chim/techjam-2026-track5/src/evaluate.py", line 177, in <module>
    main()
    ~~~~^^
  File "/home/chim/techjam-2026-track5/src/evaluate.py", line 159, in main
    model = load_model(args.model)
  File "/home/chim/techjam-2026-track5/src/model.py", line 113, in load_model
    return CropVoteModel(load_model(name[len("vote+"):]))
                         ~~~~~~~~~~^^^^^^^^^^^^^^^^^^^^^
  File "/home/chim/techjam-2026-track5/src/model.py", line 119, in load_model
    return cls(path or default_weights)
  File "/home/chim/techjam-2026-track5/src/approaches/clip_linear/model.py", line 57, in __init__
    ckpt = torch.load(weights_path, map_location="cpu", weights_only=False)
  File "/home/chim/techjam-2026-track5/.venv/lib/python3.13/site-packages/torch/serialization.py", line 1561, in load
    with _open_file_like(f, "rb") as opened_file:
         ~~~~~~~~~~~~~~~^^^^^^^^^
  File "/home/chim/techjam-2026-track5/.venv/lib/python3.13/site-packages/torch/serialization.py", line 795, in _open_file_like
    return _open_file(name_or_buffer, mode)
  File "/home/chim/techjam-2026-track5/.venv/lib/python3.13/site-packages/torch/serialization.py", line 776, in __init__
    super().__init__(open(name, mode))  # noqa: SIM115
                     ~~~~^^^^^^^^^^^^
FileNotFoundError: [Errno 2] No such file or directory: 'outputs/clip_linear/baseline.pt'
RETRY 2 failed: python -m src.evaluate --manifest data/manifests/official_val.csv --model vote+clip_linear:outputs/clip_linear/baseline.pt --out outputs/clip_linear/eval_official_vote --limit 1200
Traceback (most recent call last):
  File "<frozen runpy>", line 198, in _run_module_as_main
  File "<frozen runpy>", line 88, in _run_code
  File "/home/chim/techjam-2026-track5/src/evaluate.py", line 177, in <module>
    main()
    ~~~~^^
  File "/home/chim/techjam-2026-track5/src/evaluate.py", line 159, in main
    model = load_model(args.model)
  File "/home/chim/techjam-2026-track5/src/model.py", line 113, in load_model
    return CropVoteModel(load_model(name[len("vote+"):]))
                         ~~~~~~~~~~^^^^^^^^^^^^^^^^^^^^^
  File "/home/chim/techjam-2026-track5/src/model.py", line 119, in load_model
    return cls(path or default_weights)
  File "/home/chim/techjam-2026-track5/src/approaches/clip_linear/model.py", line 57, in __init__
    ckpt = torch.load(weights_path, map_location="cpu", weights_only=False)
  File "/home/chim/techjam-2026-track5/.venv/lib/python3.13/site-packages/torch/serialization.py", line 1561, in load
    with _open_file_like(f, "rb") as opened_file:
         ~~~~~~~~~~~~~~~^^^^^^^^^
  File "/home/chim/techjam-2026-track5/.venv/lib/python3.13/site-packages/torch/serialization.py", line 795, in _open_file_like
    return _open_file(name_or_buffer, mode)
  File "/home/chim/techjam-2026-track5/.venv/lib/python3.13/site-packages/torch/serialization.py", line 776, in __init__
    super().__init__(open(name, mode))  # noqa: SIM115
                     ~~~~^^^^^^^^^^^^
FileNotFoundError: [Errno 2] No such file or directory: 'outputs/clip_linear/baseline.pt'
RETRY 3 failed: python -m src.evaluate --manifest data/manifests/official_val.csv --model vote+clip_linear:outputs/clip_linear/baseline.pt --out outputs/clip_linear/eval_official_vote --limit 1200
Traceback (most recent call last):
  File "<frozen runpy>", line 198, in _run_module_as_main
  File "<frozen runpy>", line 88, in _run_code
  File "/home/chim/techjam-2026-track5/src/evaluate.py", line 177, in <module>
    main()
    ~~~~^^
  File "/home/chim/techjam-2026-track5/src/evaluate.py", line 159, in main
    model = load_model(args.model)
  File "/home/chim/techjam-2026-track5/src/model.py", line 113, in load_model
    return CropVoteModel(load_model(name[len("vote+"):]))
                         ~~~~~~~~~~^^^^^^^^^^^^^^^^^^^^^
  File "/home/chim/techjam-2026-track5/src/model.py", line 119, in load_model
    return cls(path or default_weights)
  File "/home/chim/techjam-2026-track5/src/approaches/clip_linear/model.py", line 57, in __init__
    ckpt = torch.load(weights_path, map_location="cpu", weights_only=False)
  File "/home/chim/techjam-2026-track5/.venv/lib/python3.13/site-packages/torch/serialization.py", line 1561, in load
    with _open_file_like(f, "rb") as opened_file:
         ~~~~~~~~~~~~~~~^^^^^^^^^
  File "/home/chim/techjam-2026-track5/.venv/lib/python3.13/site-packages/torch/serialization.py", line 795, in _open_file_like
    return _open_file(name_or_buffer, mode)
  File "/home/chim/techjam-2026-track5/.venv/lib/python3.13/site-packages/torch/serialization.py", line 776, in __init__
    super().__init__(open(name, mode))  # noqa: SIM115
                     ~~~~^^^^^^^^^^^^
FileNotFoundError: [Errno 2] No such file or directory: 'outputs/clip_linear/baseline.pt'
RETRY 4 failed: python -m src.evaluate --manifest data/manifests/official_val.csv --model vote+clip_linear:outputs/clip_linear/baseline.pt --out outputs/clip_linear/eval_official_vote --limit 1200
Traceback (most recent call last):
  File "<frozen runpy>", line 198, in _run_module_as_main
  File "<frozen runpy>", line 88, in _run_code
  File "/home/chim/techjam-2026-track5/src/evaluate.py", line 177, in <module>
    main()
    ~~~~^^
  File "/home/chim/techjam-2026-track5/src/evaluate.py", line 159, in main
    model = load_model(args.model)
  File "/home/chim/techjam-2026-track5/src/model.py", line 113, in load_model
    return CropVoteModel(load_model(name[len("vote+"):]))
                         ~~~~~~~~~~^^^^^^^^^^^^^^^^^^^^^
  File "/home/chim/techjam-2026-track5/src/model.py", line 119, in load_model
    return cls(path or default_weights)
  File "/home/chim/techjam-2026-track5/src/approaches/clip_linear/model.py", line 57, in __init__
    ckpt = torch.load(weights_path, map_location="cpu", weights_only=False)
  File "/home/chim/techjam-2026-track5/.venv/lib/python3.13/site-packages/torch/serialization.py", line 1561, in load
    with _open_file_like(f, "rb") as opened_file:
         ~~~~~~~~~~~~~~~^^^^^^^^^
  File "/home/chim/techjam-2026-track5/.venv/lib/python3.13/site-packages/torch/serialization.py", line 795, in _open_file_like
    return _open_file(name_or_buffer, mode)
  File "/home/chim/techjam-2026-track5/.venv/lib/python3.13/site-packages/torch/serialization.py", line 776, in __init__
    super().__init__(open(name, mode))  # noqa: SIM115
                     ~~~~^^^^^^^^^^^^
FileNotFoundError: [Errno 2] No such file or directory: 'outputs/clip_linear/baseline.pt'
RETRY 5 failed: python -m src.evaluate --manifest data/manifests/official_val.csv --model vote+clip_linear:outputs/clip_linear/baseline.pt --out outputs/clip_linear/eval_official_vote --limit 1200
GIVING UP: python -m src.evaluate --manifest data/manifests/official_val.csv --model vote+clip_linear:outputs/clip_linear/baseline.pt --out outputs/clip_linear/eval_official_vote --limit 1200
Traceback (most recent call last):
  File "<frozen runpy>", line 198, in _run_module_as_main
  File "<frozen runpy>", line 88, in _run_code
  File "/home/chim/techjam-2026-track5/src/evaluate.py", line 177, in <module>
    main()
    ~~~~^^
  File "/home/chim/techjam-2026-track5/src/evaluate.py", line 159, in main
    model = load_model(args.model)
  File "/home/chim/techjam-2026-track5/src/model.py", line 113, in load_model
    return CropVoteModel(load_model(name[len("vote+"):]))
                         ~~~~~~~~~~^^^^^^^^^^^^^^^^^^^^^
  File "/home/chim/techjam-2026-track5/src/model.py", line 119, in load_model
    return cls(path or default_weights)
  File "/home/chim/techjam-2026-track5/src/approaches/cnn/model.py", line 77, in __init__
    ckpt = torch.load(weights_path, map_location=self.device, weights_only=False)
  File "/home/chim/techjam-2026-track5/.venv/lib/python3.13/site-packages/torch/serialization.py", line 1561, in load
    with _open_file_like(f, "rb") as opened_file:
         ~~~~~~~~~~~~~~~^^^^^^^^^
  File "/home/chim/techjam-2026-track5/.venv/lib/python3.13/site-packages/torch/serialization.py", line 795, in _open_file_like
    return _open_file(name_or_buffer, mode)
  File "/home/chim/techjam-2026-track5/.venv/lib/python3.13/site-packages/torch/serialization.py", line 776, in __init__
    super().__init__(open(name, mode))  # noqa: SIM115
                     ~~~~^^^^^^^^^^^^
FileNotFoundError: [Errno 2] No such file or directory: 'outputs/cnn/baseline.pt'
RETRY 1 failed: python -m src.evaluate --manifest data/manifests/official_val.csv --model vote+cnn:outputs/cnn/baseline.pt --out outputs/cnn/eval_official_vote --limit 1200
Traceback (most recent call last):
  File "<frozen runpy>", line 198, in _run_module_as_main
  File "<frozen runpy>", line 88, in _run_code
  File "/home/chim/techjam-2026-track5/src/evaluate.py", line 177, in <module>
    main()
    ~~~~^^
  File "/home/chim/techjam-2026-track5/src/evaluate.py", line 159, in main
    model = load_model(args.model)
  File "/home/chim/techjam-2026-track5/src/model.py", line 113, in load_model
    return CropVoteModel(load_model(name[len("vote+"):]))
                         ~~~~~~~~~~^^^^^^^^^^^^^^^^^^^^^
  File "/home/chim/techjam-2026-track5/src/model.py", line 119, in load_model
    return cls(path or default_weights)
  File "/home/chim/techjam-2026-track5/src/approaches/cnn/model.py", line 77, in __init__
    ckpt = torch.load(weights_path, map_location=self.device, weights_only=False)
  File "/home/chim/techjam-2026-track5/.venv/lib/python3.13/site-packages/torch/serialization.py", line 1561, in load
    with _open_file_like(f, "rb") as opened_file:
         ~~~~~~~~~~~~~~~^^^^^^^^^
  File "/home/chim/techjam-2026-track5/.venv/lib/python3.13/site-packages/torch/serialization.py", line 795, in _open_file_like
    return _open_file(name_or_buffer, mode)
  File "/home/chim/techjam-2026-track5/.venv/lib/python3.13/site-packages/torch/serialization.py", line 776, in __init__
    super().__init__(open(name, mode))  # noqa: SIM115
                     ~~~~^^^^^^^^^^^^
FileNotFoundError: [Errno 2] No such file or directory: 'outputs/cnn/baseline.pt'
RETRY 2 failed: python -m src.evaluate --manifest data/manifests/official_val.csv --model vote+cnn:outputs/cnn/baseline.pt --out outputs/cnn/eval_official_vote --limit 1200
Traceback (most recent call last):
  File "<frozen runpy>", line 198, in _run_module_as_main
  File "<frozen runpy>", line 88, in _run_code
  File "/home/chim/techjam-2026-track5/src/evaluate.py", line 177, in <module>
    main()
    ~~~~^^
  File "/home/chim/techjam-2026-track5/src/evaluate.py", line 159, in main
    model = load_model(args.model)
  File "/home/chim/techjam-2026-track5/src/model.py", line 113, in load_model
    return CropVoteModel(load_model(name[len("vote+"):]))
                         ~~~~~~~~~~^^^^^^^^^^^^^^^^^^^^^
  File "/home/chim/techjam-2026-track5/src/model.py", line 119, in load_model
    return cls(path or default_weights)
  File "/home/chim/techjam-2026-track5/src/approaches/cnn/model.py", line 77, in __init__
    ckpt = torch.load(weights_path, map_location=self.device, weights_only=False)
  File "/home/chim/techjam-2026-track5/.venv/lib/python3.13/site-packages/torch/serialization.py", line 1561, in load
    with _open_file_like(f, "rb") as opened_file:
         ~~~~~~~~~~~~~~~^^^^^^^^^
  File "/home/chim/techjam-2026-track5/.venv/lib/python3.13/site-packages/torch/serialization.py", line 795, in _open_file_like
    return _open_file(name_or_buffer, mode)
  File "/home/chim/techjam-2026-track5/.venv/lib/python3.13/site-packages/torch/serialization.py", line 776, in __init__
    super().__init__(open(name, mode))  # noqa: SIM115
                     ~~~~^^^^^^^^^^^^
FileNotFoundError: [Errno 2] No such file or directory: 'outputs/cnn/baseline.pt'
RETRY 3 failed: python -m src.evaluate --manifest data/manifests/official_val.csv --model vote+cnn:outputs/cnn/baseline.pt --out outputs/cnn/eval_official_vote --limit 1200
Traceback (most recent call last):
  File "<frozen runpy>", line 198, in _run_module_as_main
  File "<frozen runpy>", line 88, in _run_code
  File "/home/chim/techjam-2026-track5/src/evaluate.py", line 177, in <module>
    main()
    ~~~~^^
  File "/home/chim/techjam-2026-track5/src/evaluate.py", line 159, in main
    model = load_model(args.model)
  File "/home/chim/techjam-2026-track5/src/model.py", line 113, in load_model
    return CropVoteModel(load_model(name[len("vote+"):]))
                         ~~~~~~~~~~^^^^^^^^^^^^^^^^^^^^^
  File "/home/chim/techjam-2026-track5/src/model.py", line 119, in load_model
    return cls(path or default_weights)
  File "/home/chim/techjam-2026-track5/src/approaches/cnn/model.py", line 77, in __init__
    ckpt = torch.load(weights_path, map_location=self.device, weights_only=False)
  File "/home/chim/techjam-2026-track5/.venv/lib/python3.13/site-packages/torch/serialization.py", line 1561, in load
    with _open_file_like(f, "rb") as opened_file:
         ~~~~~~~~~~~~~~~^^^^^^^^^
  File "/home/chim/techjam-2026-track5/.venv/lib/python3.13/site-packages/torch/serialization.py", line 795, in _open_file_like
    return _open_file(name_or_buffer, mode)
  File "/home/chim/techjam-2026-track5/.venv/lib/python3.13/site-packages/torch/serialization.py", line 776, in __init__
    super().__init__(open(name, mode))  # noqa: SIM115
                     ~~~~^^^^^^^^^^^^
FileNotFoundError: [Errno 2] No such file or directory: 'outputs/cnn/baseline.pt'
RETRY 4 failed: python -m src.evaluate --manifest data/manifests/official_val.csv --model vote+cnn:outputs/cnn/baseline.pt --out outputs/cnn/eval_official_vote --limit 1200
Traceback (most recent call last):
  File "<frozen runpy>", line 198, in _run_module_as_main
  File "<frozen runpy>", line 88, in _run_code
  File "/home/chim/techjam-2026-track5/src/evaluate.py", line 177, in <module>
    main()
    ~~~~^^
  File "/home/chim/techjam-2026-track5/src/evaluate.py", line 159, in main
    model = load_model(args.model)
  File "/home/chim/techjam-2026-track5/src/model.py", line 113, in load_model
    return CropVoteModel(load_model(name[len("vote+"):]))
                         ~~~~~~~~~~^^^^^^^^^^^^^^^^^^^^^
  File "/home/chim/techjam-2026-track5/src/model.py", line 119, in load_model
    return cls(path or default_weights)
  File "/home/chim/techjam-2026-track5/src/approaches/cnn/model.py", line 77, in __init__
    ckpt = torch.load(weights_path, map_location=self.device, weights_only=False)
  File "/home/chim/techjam-2026-track5/.venv/lib/python3.13/site-packages/torch/serialization.py", line 1561, in load
    with _open_file_like(f, "rb") as opened_file:
         ~~~~~~~~~~~~~~~^^^^^^^^^
  File "/home/chim/techjam-2026-track5/.venv/lib/python3.13/site-packages/torch/serialization.py", line 795, in _open_file_like
    return _open_file(name_or_buffer, mode)
  File "/home/chim/techjam-2026-track5/.venv/lib/python3.13/site-packages/torch/serialization.py", line 776, in __init__
    super().__init__(open(name, mode))  # noqa: SIM115
                     ~~~~^^^^^^^^^^^^
FileNotFoundError: [Errno 2] No such file or directory: 'outputs/cnn/baseline.pt'
RETRY 5 failed: python -m src.evaluate --manifest data/manifests/official_val.csv --model vote+cnn:outputs/cnn/baseline.pt --out outputs/cnn/eval_official_vote --limit 1200
GIVING UP: python -m src.evaluate --manifest data/manifests/official_val.csv --model vote+cnn:outputs/cnn/baseline.pt --out outputs/cnn/eval_official_vote --limit 1200
NIGHT2 DONE
