train 20000 val 3000
train: 500/20000 (84.0/s, eta 4m)
train: 1000/20000 (81.5/s, eta 4m)
train: 1500/20000 (80.0/s, eta 4m)
train: 2000/20000 (79.0/s, eta 4m)
train: 2500/20000 (79.4/s, eta 4m)
train: 3000/20000 (78.3/s, eta 4m)
train: 3500/20000 (77.9/s, eta 4m)
train: 4000/20000 (78.1/s, eta 3m)
train: 4500/20000 (77.7/s, eta 3m)
train: 5000/20000 (77.2/s, eta 3m)
train: 5500/20000 (77.4/s, eta 3m)
train: 6000/20000 (77.0/s, eta 3m)
train: 6500/20000 (76.7/s, eta 3m)
train: 7000/20000 (76.9/s, eta 3m)
train: 7500/20000 (76.6/s, eta 3m)
train: 8000/20000 (76.3/s, eta 3m)
train: 8500/20000 (76.5/s, eta 3m)
train: 9000/20000 (76.2/s, eta 2m)
train: 9500/20000 (76.0/s, eta 2m)
train: 10000/20000 (76.1/s, eta 2m)
train: 10500/20000 (75.9/s, eta 2m)
train: 11000/20000 (75.9/s, eta 2m)
train: 11500/20000 (76.0/s, eta 2m)
train: 12000/20000 (75.9/s, eta 2m)
train: 12500/20000 (75.7/s, eta 2m)
train: 13000/20000 (75.9/s, eta 2m)
train: 13500/20000 (75.7/s, eta 1m)
train: 14000/20000 (75.7/s, eta 1m)
train: 14500/20000 (75.8/s, eta 1m)
train: 15000/20000 (75.7/s, eta 1m)
train: 15500/20000 (75.6/s, eta 1m)
train: 16000/20000 (75.7/s, eta 1m)
train: 16500/20000 (75.6/s, eta 1m)
train: 17000/20000 (75.5/s, eta 1m)
train: 17500/20000 (75.6/s, eta 1m)
train: 18000/20000 (75.5/s, eta 0m)
train: 18500/20000 (75.5/s, eta 0m)
train: 19000/20000 (75.5/s, eta 0m)
train: 19500/20000 (75.4/s, eta 0m)
train: 20000/20000 (75.4/s, eta 0m)
train fit done; train AUROC 0.7314
val: 500/3000 (127.4/s, eta 0m)
val: 1000/3000 (122.8/s, eta 0m)
val: 1500/3000 (121.2/s, eta 0m)
val: 2000/3000 (120.6/s, eta 0m)
val: 2500/3000 (121.7/s, eta 0m)
val: 3000/3000 (122.3/s, eta 0m)
val AUROC 0.7306
saved -> outputs/spectral/baseline.npz
[ 1/15] clean           10.3s  (eta ~ 144s)
[ 2/15] jpeg_q90        10.9s  (eta ~ 137s)
[ 3/15] jpeg_q70        11.0s  (eta ~ 129s)
[ 4/15] jpeg_q50        10.6s  (eta ~ 117s)
[ 5/15] jpeg_q30        10.7s  (eta ~ 107s)
[ 6/15] blur_s0.5       12.1s  (eta ~  98s)
[ 7/15] blur_s1.0       11.9s  (eta ~  88s)
[ 8/15] blur_s2.0       12.6s  (eta ~  79s)
[ 9/15] resize_0.5x     10.6s  (eta ~  67s)
[10/15] resize_0.25x    10.7s  (eta ~  56s)
[11/15] noise_s0.02     11.9s  (eta ~  45s)
[12/15] noise_s0.05     12.1s  (eta ~  34s)
[13/15] noise_s0.10     12.3s  (eta ~  23s)
[14/15] jitter_20       10.4s  (eta ~  11s)
[15/15] crop_80         11.2s  (eta ~   0s)
# Robustness evaluation — model `spectral`

Threshold frozen on clean val: 0.7736

| condition | AUROC | bal.acc @ frozen thr | FPR@95%TPR | n |
|---|---|---|---|---|
| clean | 0.9255 | 0.8882 | 0.5479 | 1200 |
| jpeg_q90 | 0.9256 | 0.8758 | 0.5205 | 1200 |
| jpeg_q70 | 0.9278 | 0.8747 | 0.4795 | 1200 |
| jpeg_q50 | 0.9149 | 0.8593 | 0.6164 | 1200 |
| jpeg_q30 | 0.9075 | 0.8787 | 0.6849 | 1200 |
| blur_s0.5 | 0.9081 | 0.8713 | 0.6438 | 1200 |
| blur_s1.0 | 0.1599 | 0.2762 | 1.0000 | 1200 |
| blur_s2.0 | 0.7825 | 0.5013 | 0.8767 | 1200 |
| resize_0.5x | 0.2772 | 0.3929 | 0.9589 | 1200 |
| resize_0.25x | 0.7136 | 0.5000 | 0.9315 | 1200 |
| noise_s0.02 | 0.9300 | 0.8871 | 0.4932 | 1200 |
| noise_s0.05 | 0.9159 | 0.7989 | 0.6301 | 1200 |
| noise_s0.10 | 0.8785 | 0.5875 | 0.6575 | 1200 |
| jitter_20 | 0.9260 | 0.8926 | 0.5068 | 1200 |
| crop_80 | 0.4764 | 0.5386 | 0.9726 | 1200 |

**Clean AUROC:** 0.9255 · **Mean transformed:** 0.7603 · **Worst:** 0.1599 (blur_s1.0)

## Per-generator (each generator's fakes vs all reals)

| generator | n fake | clean AUROC | mean transformed | worst |
|---|---|---|---|---|
| biggan | 35 | 0.7323 | 0.5915 | 0.3268 |
| ddim | 74 | 0.9998 | 0.7896 | 0.0598 |
| ddpm | 812 | 0.9981 | 0.8155 | 0.0892 |
| stargan | 48 | 0.6841 | 0.5751 | 0.3268 |
| stylegan | 69 | 0.7030 | 0.5845 | 0.3576 |
| vqvae | 89 | 0.5798 | 0.5351 | 0.4105 |

Saved to outputs/spectral/eval_wf_test/
[ 1/15] clean           14.8s  (eta ~ 207s)
[ 2/15] jpeg_q90        19.0s  (eta ~ 220s)
[ 3/15] jpeg_q70        18.4s  (eta ~ 209s)
[ 4/15] jpeg_q50        18.5s  (eta ~ 194s)
[ 5/15] jpeg_q30        18.2s  (eta ~ 178s)
[ 6/15] blur_s0.5       40.1s  (eta ~ 193s)
[ 7/15] blur_s1.0       40.0s  (eta ~ 193s)
[ 8/15] blur_s2.0       39.9s  (eta ~ 183s)
[ 9/15] resize_0.5x     22.8s  (eta ~ 154s)
[10/15] resize_0.25x    20.8s  (eta ~ 126s)
[11/15] noise_s0.02     41.9s  (eta ~ 107s)
[12/15] noise_s0.05     41.5s  (eta ~  84s)
[13/15] noise_s0.10     41.8s  (eta ~  58s)
[14/15] jitter_20       21.0s  (eta ~  28s)
[15/15] crop_80         13.5s  (eta ~   0s)
# Robustness evaluation — model `spectral`

Threshold frozen on clean val: 0.5666

| condition | AUROC | bal.acc @ frozen thr | FPR@95%TPR | n |
|---|---|---|---|---|
| clean | 0.5606 | 0.7215 | 1.0000 | 1200 |
| jpeg_q90 | 0.5654 | 0.7086 | 1.0000 | 1200 |
| jpeg_q70 | 0.5332 | 0.6673 | 1.0000 | 1200 |
| jpeg_q50 | 0.5539 | 0.6742 | 1.0000 | 1200 |
| jpeg_q30 | 0.4740 | 0.6829 | 1.0000 | 1200 |
| blur_s0.5 | 0.6147 | 0.7626 | 1.0000 | 1200 |
| blur_s1.0 | 0.8204 | 0.4778 | 1.0000 | 1200 |
| blur_s2.0 | 0.1552 | 0.5334 | 1.0000 | 1200 |
| resize_0.5x | 0.7211 | 0.4542 | 1.0000 | 1200 |
| resize_0.25x | 0.1173 | 0.5259 | 1.0000 | 1200 |
| noise_s0.02 | 0.5493 | 0.6978 | 1.0000 | 1200 |
| noise_s0.05 | 0.5158 | 0.5707 | 1.0000 | 1200 |
| noise_s0.10 | 0.4860 | 0.3657 | 1.0000 | 1200 |
| jitter_20 | 0.5524 | 0.6989 | 1.0000 | 1200 |
| crop_80 | 0.6472 | 0.7666 | 0.9978 | 1200 |

**Clean AUROC:** 0.5606 · **Mean transformed:** 0.5219 · **Worst:** 0.1173 (resize_0.25x)

## Per-generator (each generator's fakes vs all reals)

| generator | n fake | clean AUROC | mean transformed | worst |
|---|---|---|---|---|
| dalle_advanced | 744 | 0.5606 | 0.5219 | 0.1173 |

Saved to outputs/spectral/eval_official/
[ 1/15] clean          136.8s  (eta ~1915s)
[ 2/15] jpeg_q90       137.8s  (eta ~1784s)
[ 3/15] jpeg_q70       136.5s  (eta ~1644s)
[ 4/15] jpeg_q50       136.7s  (eta ~1506s)
[ 5/15] jpeg_q30       136.1s  (eta ~1368s)
[ 6/15] blur_s0.5      141.4s  (eta ~1238s)
[ 7/15] blur_s1.0      144.5s  (eta ~1108s)
[ 8/15] blur_s2.0      137.6s  (eta ~ 969s)
[ 9/15] resize_0.5x    135.0s  (eta ~ 828s)
[10/15] resize_0.25x   133.0s  (eta ~ 688s)
[11/15] noise_s0.02    125.5s  (eta ~ 546s)
[12/15] noise_s0.05    125.7s  (eta ~ 407s)
[13/15] noise_s0.10    125.6s  (eta ~ 270s)
[14/15] jitter_20      123.6s  (eta ~ 134s)
[15/15] crop_80         17.8s  (eta ~   0s)
Traceback (most recent call last):
  File "<frozen runpy>", line 198, in _run_module_as_main
  File "<frozen runpy>", line 88, in _run_code
  File "/home/chim/techjam-2026-track5/src/evaluate.py", line 177, in <module>
    main()
    ~~~~^^
  File "/home/chim/techjam-2026-track5/src/evaluate.py", line 161, in main
    results, summary, errors, per_generator = evaluate(model, samples, topk=args.topk)
                                              ~~~~~~~~^^^^^^^^^^^^^^^^^^^^^^^^^^^^^^^^
  File "/home/chim/techjam-2026-track5/src/evaluate.py", line 60, in evaluate
    results[name] = condition_report(y, all_scores[name], thr)
                    ~~~~~~~~~~~~~~~~^^^^^^^^^^^^^^^^^^^^^^^^^^
  File "/home/chim/techjam-2026-track5/src/metrics.py", line 49, in condition_report
    "auroc": auroc(y_true, y_score),
             ~~~~~^^^^^^^^^^^^^^^^^
  File "/home/chim/techjam-2026-track5/src/metrics.py", line 13, in auroc
    return float(roc_auc_score(y_true, y_score))
                 ~~~~~~~~~~~~~^^^^^^^^^^^^^^^^^
  File "/home/chim/techjam-2026-track5/.venv/lib/python3.13/site-packages/sklearn/utils/_param_validation.py", line 218, in wrapper
    return func(*args, **kwargs)
  File "/home/chim/techjam-2026-track5/.venv/lib/python3.13/site-packages/sklearn/metrics/_ranking.py", line 710, in roc_auc_score
    y_score = check_array(y_score, ensure_2d=False)
  File "/home/chim/techjam-2026-track5/.venv/lib/python3.13/site-packages/sklearn/utils/validation.py", line 1087, in check_array
    _assert_all_finite(
    ~~~~~~~~~~~~~~~~~~^
        array,
        ^^^^^^
    ...<2 lines>...
        allow_nan=ensure_all_finite == "allow-nan",
        ^^^^^^^^^^^^^^^^^^^^^^^^^^^^^^^^^^^^^^^^^^^
    )
    ^
  File "/home/chim/techjam-2026-track5/.venv/lib/python3.13/site-packages/sklearn/utils/validation.py", line 137, in _assert_all_finite
    _assert_all_finite_element_wise(
    ~~~~~~~~~~~~~~~~~~~~~~~~~~~~~~~^
        X,
        ^^
    ...<4 lines>...
        input_name=input_name,
        ^^^^^^^^^^^^^^^^^^^^^^
    )
    ^
  File "/home/chim/techjam-2026-track5/.venv/lib/python3.13/site-packages/sklearn/utils/validation.py", line 186, in _assert_all_finite_element_wise
    raise ValueError(msg_err)
ValueError: Input contains NaN.
RETRY 1 failed: python -m src.evaluate --manifest data/manifests/wildfake_test.csv --model vote+real_manifold --out outputs/real_manifold/eval_wf_test_vote --limit 600
[ 1/15] clean          125.1s  (eta ~1751s)
[ 2/15] jpeg_q90       126.0s  (eta ~1632s)
[ 3/15] jpeg_q70       126.0s  (eta ~1508s)
[ 4/15] jpeg_q50       126.9s  (eta ~1386s)
[ 5/15] jpeg_q30       126.6s  (eta ~1261s)
[ 6/15] blur_s0.5      127.0s  (eta ~1136s)
[ 7/15] blur_s1.0      128.4s  (eta ~1012s)
[ 8/15] blur_s2.0      129.8s  (eta ~ 889s)
[ 9/15] resize_0.5x    126.9s  (eta ~ 762s)
[10/15] resize_0.25x   127.7s  (eta ~ 635s)
[11/15] noise_s0.02    124.4s  (eta ~ 507s)
[12/15] noise_s0.05    124.9s  (eta ~ 380s)
[13/15] noise_s0.10    124.9s  (eta ~ 253s)
[14/15] jitter_20      122.8s  (eta ~ 126s)
[15/15] crop_80         17.7s  (eta ~   0s)
Traceback (most recent call last):
  File "<frozen runpy>", line 198, in _run_module_as_main
  File "<frozen runpy>", line 88, in _run_code
  File "/home/chim/techjam-2026-track5/src/evaluate.py", line 177, in <module>
    main()
    ~~~~^^
  File "/home/chim/techjam-2026-track5/src/evaluate.py", line 161, in main
    results, summary, errors, per_generator = evaluate(model, samples, topk=args.topk)
                                              ~~~~~~~~^^^^^^^^^^^^^^^^^^^^^^^^^^^^^^^^
  File "/home/chim/techjam-2026-track5/src/evaluate.py", line 60, in evaluate
    results[name] = condition_report(y, all_scores[name], thr)
                    ~~~~~~~~~~~~~~~~^^^^^^^^^^^^^^^^^^^^^^^^^^
  File "/home/chim/techjam-2026-track5/src/metrics.py", line 49, in condition_report
    "auroc": auroc(y_true, y_score),
             ~~~~~^^^^^^^^^^^^^^^^^
  File "/home/chim/techjam-2026-track5/src/metrics.py", line 13, in auroc
    return float(roc_auc_score(y_true, y_score))
                 ~~~~~~~~~~~~~^^^^^^^^^^^^^^^^^
  File "/home/chim/techjam-2026-track5/.venv/lib/python3.13/site-packages/sklearn/utils/_param_validation.py", line 218, in wrapper
    return func(*args, **kwargs)
  File "/home/chim/techjam-2026-track5/.venv/lib/python3.13/site-packages/sklearn/metrics/_ranking.py", line 710, in roc_auc_score
    y_score = check_array(y_score, ensure_2d=False)
  File "/home/chim/techjam-2026-track5/.venv/lib/python3.13/site-packages/sklearn/utils/validation.py", line 1087, in check_array
    _assert_all_finite(
    ~~~~~~~~~~~~~~~~~~^
        array,
        ^^^^^^
    ...<2 lines>...
        allow_nan=ensure_all_finite == "allow-nan",
        ^^^^^^^^^^^^^^^^^^^^^^^^^^^^^^^^^^^^^^^^^^^
    )
    ^
  File "/home/chim/techjam-2026-track5/.venv/lib/python3.13/site-packages/sklearn/utils/validation.py", line 137, in _assert_all_finite
    _assert_all_finite_element_wise(
    ~~~~~~~~~~~~~~~~~~~~~~~~~~~~~~~^
        X,
        ^^
    ...<4 lines>...
        input_name=input_name,
        ^^^^^^^^^^^^^^^^^^^^^^
    )
    ^
  File "/home/chim/techjam-2026-track5/.venv/lib/python3.13/site-packages/sklearn/utils/validation.py", line 186, in _assert_all_finite_element_wise
    raise ValueError(msg_err)
ValueError: Input contains NaN.
RETRY 2 failed: python -m src.evaluate --manifest data/manifests/wildfake_test.csv --model vote+real_manifold --out outputs/real_manifold/eval_wf_test_vote --limit 600
[ 1/15] clean          124.5s  (eta ~1743s)
[ 2/15] jpeg_q90       125.7s  (eta ~1626s)
[ 3/15] jpeg_q70       125.5s  (eta ~1503s)
[ 4/15] jpeg_q50       126.3s  (eta ~1381s)
[ 5/15] jpeg_q30       125.9s  (eta ~1256s)
[ 6/15] blur_s0.5      126.4s  (eta ~1132s)
[ 7/15] blur_s1.0      128.1s  (eta ~1009s)
[ 8/15] blur_s2.0      129.4s  (eta ~ 885s)
[ 9/15] resize_0.5x    127.5s  (eta ~ 760s)
[10/15] resize_0.25x   128.4s  (eta ~ 634s)
[11/15] noise_s0.02    125.0s  (eta ~ 506s)
[12/15] noise_s0.05    125.5s  (eta ~ 380s)
[13/15] noise_s0.10    125.4s  (eta ~ 253s)
[14/15] jitter_20      123.4s  (eta ~ 126s)
[15/15] crop_80         17.7s  (eta ~   0s)
Traceback (most recent call last):
  File "<frozen runpy>", line 198, in _run_module_as_main
  File "<frozen runpy>", line 88, in _run_code
  File "/home/chim/techjam-2026-track5/src/evaluate.py", line 177, in <module>
    main()
    ~~~~^^
  File "/home/chim/techjam-2026-track5/src/evaluate.py", line 161, in main
    results, summary, errors, per_generator = evaluate(model, samples, topk=args.topk)
                                              ~~~~~~~~^^^^^^^^^^^^^^^^^^^^^^^^^^^^^^^^
  File "/home/chim/techjam-2026-track5/src/evaluate.py", line 60, in evaluate
    results[name] = condition_report(y, all_scores[name], thr)
                    ~~~~~~~~~~~~~~~~^^^^^^^^^^^^^^^^^^^^^^^^^^
  File "/home/chim/techjam-2026-track5/src/metrics.py", line 49, in condition_report
    "auroc": auroc(y_true, y_score),
             ~~~~~^^^^^^^^^^^^^^^^^
  File "/home/chim/techjam-2026-track5/src/metrics.py", line 13, in auroc
    return float(roc_auc_score(y_true, y_score))
                 ~~~~~~~~~~~~~^^^^^^^^^^^^^^^^^
  File "/home/chim/techjam-2026-track5/.venv/lib/python3.13/site-packages/sklearn/utils/_param_validation.py", line 218, in wrapper
    return func(*args, **kwargs)
  File "/home/chim/techjam-2026-track5/.venv/lib/python3.13/site-packages/sklearn/metrics/_ranking.py", line 710, in roc_auc_score
    y_score = check_array(y_score, ensure_2d=False)
  File "/home/chim/techjam-2026-track5/.venv/lib/python3.13/site-packages/sklearn/utils/validation.py", line 1087, in check_array
    _assert_all_finite(
    ~~~~~~~~~~~~~~~~~~^
        array,
        ^^^^^^
    ...<2 lines>...
        allow_nan=ensure_all_finite == "allow-nan",
        ^^^^^^^^^^^^^^^^^^^^^^^^^^^^^^^^^^^^^^^^^^^
    )
    ^
  File "/home/chim/techjam-2026-track5/.venv/lib/python3.13/site-packages/sklearn/utils/validation.py", line 137, in _assert_all_finite
    _assert_all_finite_element_wise(
    ~~~~~~~~~~~~~~~~~~~~~~~~~~~~~~~^
        X,
        ^^
    ...<4 lines>...
        input_name=input_name,
        ^^^^^^^^^^^^^^^^^^^^^^
    )
    ^
  File "/home/chim/techjam-2026-track5/.venv/lib/python3.13/site-packages/sklearn/utils/validation.py", line 186, in _assert_all_finite_element_wise
    raise ValueError(msg_err)
ValueError: Input contains NaN.
RETRY 3 failed: python -m src.evaluate --manifest data/manifests/wildfake_test.csv --model vote+real_manifold --out outputs/real_manifold/eval_wf_test_vote --limit 600
[ 1/15] clean          125.6s  (eta ~1758s)
[ 2/15] jpeg_q90       126.5s  (eta ~1639s)
[ 3/15] jpeg_q70       126.1s  (eta ~1513s)
[ 4/15] jpeg_q50       125.9s  (eta ~1386s)
[ 5/15] jpeg_q30       126.8s  (eta ~1262s)
[ 6/15] blur_s0.5      127.2s  (eta ~1137s)
[ 7/15] blur_s1.0      128.9s  (eta ~1014s)
[ 8/15] blur_s2.0      130.3s  (eta ~ 890s)
[ 9/15] resize_0.5x    128.5s  (eta ~ 764s)
[10/15] resize_0.25x   129.4s  (eta ~ 638s)
[11/15] noise_s0.02    125.8s  (eta ~ 509s)
[12/15] noise_s0.05    126.3s  (eta ~ 382s)
[13/15] noise_s0.10    126.3s  (eta ~ 254s)
[14/15] jitter_20      123.9s  (eta ~ 127s)
[15/15] crop_80         17.7s  (eta ~   0s)
Traceback (most recent call last):
  File "<frozen runpy>", line 198, in _run_module_as_main
  File "<frozen runpy>", line 88, in _run_code
  File "/home/chim/techjam-2026-track5/src/evaluate.py", line 177, in <module>
    main()
    ~~~~^^
  File "/home/chim/techjam-2026-track5/src/evaluate.py", line 161, in main
    results, summary, errors, per_generator = evaluate(model, samples, topk=args.topk)
                                              ~~~~~~~~^^^^^^^^^^^^^^^^^^^^^^^^^^^^^^^^
  File "/home/chim/techjam-2026-track5/src/evaluate.py", line 60, in evaluate
    results[name] = condition_report(y, all_scores[name], thr)
                    ~~~~~~~~~~~~~~~~^^^^^^^^^^^^^^^^^^^^^^^^^^
  File "/home/chim/techjam-2026-track5/src/metrics.py", line 49, in condition_report
    "auroc": auroc(y_true, y_score),
             ~~~~~^^^^^^^^^^^^^^^^^
  File "/home/chim/techjam-2026-track5/src/metrics.py", line 13, in auroc
    return float(roc_auc_score(y_true, y_score))
                 ~~~~~~~~~~~~~^^^^^^^^^^^^^^^^^
  File "/home/chim/techjam-2026-track5/.venv/lib/python3.13/site-packages/sklearn/utils/_param_validation.py", line 218, in wrapper
    return func(*args, **kwargs)
  File "/home/chim/techjam-2026-track5/.venv/lib/python3.13/site-packages/sklearn/metrics/_ranking.py", line 710, in roc_auc_score
    y_score = check_array(y_score, ensure_2d=False)
  File "/home/chim/techjam-2026-track5/.venv/lib/python3.13/site-packages/sklearn/utils/validation.py", line 1087, in check_array
    _assert_all_finite(
    ~~~~~~~~~~~~~~~~~~^
        array,
        ^^^^^^
    ...<2 lines>...
        allow_nan=ensure_all_finite == "allow-nan",
        ^^^^^^^^^^^^^^^^^^^^^^^^^^^^^^^^^^^^^^^^^^^
    )
    ^
  File "/home/chim/techjam-2026-track5/.venv/lib/python3.13/site-packages/sklearn/utils/validation.py", line 137, in _assert_all_finite
    _assert_all_finite_element_wise(
    ~~~~~~~~~~~~~~~~~~~~~~~~~~~~~~~^
        X,
        ^^
    ...<4 lines>...
        input_name=input_name,
        ^^^^^^^^^^^^^^^^^^^^^^
    )
    ^
  File "/home/chim/techjam-2026-track5/.venv/lib/python3.13/site-packages/sklearn/utils/validation.py", line 186, in _assert_all_finite_element_wise
    raise ValueError(msg_err)
ValueError: Input contains NaN.
RETRY 4 failed: python -m src.evaluate --manifest data/manifests/wildfake_test.csv --model vote+real_manifold --out outputs/real_manifold/eval_wf_test_vote --limit 600
[ 1/15] clean          124.1s  (eta ~1737s)
[ 2/15] jpeg_q90       125.0s  (eta ~1619s)
[ 3/15] jpeg_q70       125.1s  (eta ~1497s)
[ 4/15] jpeg_q50       125.8s  (eta ~1375s)
[ 5/15] jpeg_q30       125.4s  (eta ~1251s)
[ 6/15] blur_s0.5      125.8s  (eta ~1127s)
[ 7/15] blur_s1.0      127.5s  (eta ~1004s)
[ 8/15] blur_s2.0      128.7s  (eta ~ 881s)
[ 9/15] resize_0.5x    127.0s  (eta ~ 756s)
[10/15] resize_0.25x   127.7s  (eta ~ 631s)
[11/15] noise_s0.02    124.4s  (eta ~ 504s)
[12/15] noise_s0.05    124.9s  (eta ~ 378s)
[13/15] noise_s0.10    124.9s  (eta ~ 252s)
[14/15] jitter_20      122.8s  (eta ~ 126s)
[15/15] crop_80         17.7s  (eta ~   0s)
Traceback (most recent call last):
  File "<frozen runpy>", line 198, in _run_module_as_main
  File "<frozen runpy>", line 88, in _run_code
  File "/home/chim/techjam-2026-track5/src/evaluate.py", line 177, in <module>
    main()
    ~~~~^^
  File "/home/chim/techjam-2026-track5/src/evaluate.py", line 161, in main
    results, summary, errors, per_generator = evaluate(model, samples, topk=args.topk)
                                              ~~~~~~~~^^^^^^^^^^^^^^^^^^^^^^^^^^^^^^^^
  File "/home/chim/techjam-2026-track5/src/evaluate.py", line 60, in evaluate
    results[name] = condition_report(y, all_scores[name], thr)
                    ~~~~~~~~~~~~~~~~^^^^^^^^^^^^^^^^^^^^^^^^^^
  File "/home/chim/techjam-2026-track5/src/metrics.py", line 49, in condition_report
    "auroc": auroc(y_true, y_score),
             ~~~~~^^^^^^^^^^^^^^^^^
  File "/home/chim/techjam-2026-track5/src/metrics.py", line 13, in auroc
    return float(roc_auc_score(y_true, y_score))
                 ~~~~~~~~~~~~~^^^^^^^^^^^^^^^^^
  File "/home/chim/techjam-2026-track5/.venv/lib/python3.13/site-packages/sklearn/utils/_param_validation.py", line 218, in wrapper
    return func(*args, **kwargs)
  File "/home/chim/techjam-2026-track5/.venv/lib/python3.13/site-packages/sklearn/metrics/_ranking.py", line 710, in roc_auc_score
    y_score = check_array(y_score, ensure_2d=False)
  File "/home/chim/techjam-2026-track5/.venv/lib/python3.13/site-packages/sklearn/utils/validation.py", line 1087, in check_array
    _assert_all_finite(
    ~~~~~~~~~~~~~~~~~~^
        array,
        ^^^^^^
    ...<2 lines>...
        allow_nan=ensure_all_finite == "allow-nan",
        ^^^^^^^^^^^^^^^^^^^^^^^^^^^^^^^^^^^^^^^^^^^
    )
    ^
  File "/home/chim/techjam-2026-track5/.venv/lib/python3.13/site-packages/sklearn/utils/validation.py", line 137, in _assert_all_finite
    _assert_all_finite_element_wise(
    ~~~~~~~~~~~~~~~~~~~~~~~~~~~~~~~^
        X,
        ^^
    ...<4 lines>...
        input_name=input_name,
        ^^^^^^^^^^^^^^^^^^^^^^
    )
    ^
  File "/home/chim/techjam-2026-track5/.venv/lib/python3.13/site-packages/sklearn/utils/validation.py", line 186, in _assert_all_finite_element_wise
    raise ValueError(msg_err)
ValueError: Input contains NaN.
RETRY 5 failed: python -m src.evaluate --manifest data/manifests/wildfake_test.csv --model vote+real_manifold --out outputs/real_manifold/eval_wf_test_vote --limit 600
GIVING UP: python -m src.evaluate --manifest data/manifests/wildfake_test.csv --model vote+real_manifold --out outputs/real_manifold/eval_wf_test_vote --limit 600
SPEC DONE
