trunk: outputs/resnet_ft/wf_aug.pt
device=cuda trunk=outputs/resnet_ft/wf_aug.pt augment_views=2
  shard 1/80 embedded (3000 rows)
  shard 2/80 embedded (3000 rows)
  shard 3/80 embedded (3000 rows)
  shard 4/80 embedded (3000 rows)
  shard 5/80 embedded (3000 rows)
  shard 6/80 embedded (3000 rows)
  shard 7/80 embedded (3000 rows)
  shard 8/80 embedded (3000 rows)
  shard 9/80 embedded (3000 rows)
  shard 10/80 embedded (3000 rows)
  shard 11/80 embedded (3000 rows)
  shard 12/80 embedded (3000 rows)
  shard 13/80 embedded (3000 rows)
  shard 14/80 embedded (3000 rows)
  shard 15/80 embedded (3000 rows)
  shard 16/80 embedded (3000 rows)
  shard 17/80 embedded (3000 rows)
  shard 18/80 embedded (3000 rows)
  shard 19/80 embedded (3000 rows)
  shard 20/80 embedded (3000 rows)
  shard 21/80 embedded (3000 rows)
  shard 22/80 embedded (3000 rows)
  shard 23/80 embedded (3000 rows)
  shard 24/80 embedded (3000 rows)
  shard 25/80 embedded (3000 rows)
  shard 26/80 embedded (3000 rows)
  shard 27/80 embedded (3000 rows)
  shard 28/80 embedded (3000 rows)
  shard 29/80 embedded (3000 rows)
  shard 30/80 embedded (3000 rows)
  shard 31/80 embedded (3000 rows)
  shard 32/80 embedded (3000 rows)
  shard 33/80 embedded (3000 rows)
  shard 34/80 embedded (3000 rows)
  shard 35/80 embedded (3000 rows)
  shard 36/80 embedded (3000 rows)
  shard 37/80 embedded (3000 rows)
  shard 38/80 embedded (3000 rows)
  shard 39/80 embedded (3000 rows)
  shard 40/80 embedded (3000 rows)
  shard 41/80 embedded (3000 rows)
  shard 42/80 embedded (3000 rows)
  shard 43/80 embedded (3000 rows)
  shard 44/80 embedded (3000 rows)
  shard 45/80 embedded (3000 rows)
  shard 46/80 embedded (3000 rows)
  shard 47/80 embedded (3000 rows)
  shard 48/80 embedded (3000 rows)
  shard 49/80 embedded (3000 rows)
  shard 50/80 embedded (3000 rows)
  shard 51/80 embedded (3000 rows)
  shard 52/80 embedded (3000 rows)
  shard 53/80 embedded (3000 rows)
  shard 54/80 embedded (3000 rows)
  shard 55/80 embedded (3000 rows)
  shard 56/80 embedded (3000 rows)
  shard 57/80 embedded (3000 rows)
  shard 58/80 embedded (3000 rows)
  shard 59/80 embedded (3000 rows)
  shard 60/80 embedded (3000 rows)
  shard 61/80 embedded (3000 rows)
  shard 62/80 embedded (3000 rows)
  shard 63/80 embedded (3000 rows)
  shard 64/80 embedded (3000 rows)
  shard 65/80 embedded (3000 rows)
  shard 66/80 embedded (3000 rows)
  shard 67/80 embedded (3000 rows)
  shard 68/80 embedded (3000 rows)
  shard 69/80 embedded (3000 rows)
  shard 70/80 embedded (3000 rows)
  shard 71/80 embedded (3000 rows)
  shard 72/80 embedded (3000 rows)
  shard 73/80 embedded (3000 rows)
  shard 74/80 embedded (3000 rows)
  shard 75/80 embedded (3000 rows)
  shard 76/80 embedded (3000 rows)
  shard 77/80 embedded (3000 rows)
  shard 78/80 embedded (3000 rows)
  shard 79/80 embedded (3000 rows)
  shard 80/80 embedded (2991 rows)
  shard 1/10 embedded (1000 rows)
  shard 2/10 embedded (1000 rows)
  shard 3/10 embedded (1000 rows)
  shard 4/10 embedded (1000 rows)
  shard 5/10 embedded (1000 rows)
  shard 6/10 embedded (1000 rows)
  shard 7/10 embedded (1000 rows)
  shard 8/10 embedded (1000 rows)
  shard 9/10 embedded (1000 rows)
  shard 10/10 embedded (999 rows)
train (239991, 9, 2048) val (9999, 9, 2048)
head epoch 1: loss=0.3213 val_auroc=0.8378
head epoch 2: loss=0.3107 val_auroc=0.8342
head epoch 3: loss=0.3072 val_auroc=0.8349
head epoch 4: loss=0.3052 val_auroc=0.8345
head epoch 5: loss=0.3029 val_auroc=0.8361
head epoch 6: loss=0.3020 val_auroc=0.8355
head epoch 7: loss=0.3012 val_auroc=0.8360
head epoch 8: loss=0.3003 val_auroc=0.8352
head epoch 9: loss=0.2995 val_auroc=0.8362
head epoch 10: loss=0.2983 val_auroc=0.8325
head epoch 11: loss=0.2976 val_auroc=0.8320
head epoch 12: loss=0.2968 val_auroc=0.8322
head epoch 13: loss=0.2954 val_auroc=0.8294
head epoch 14: loss=0.2947 val_auroc=0.8347
head epoch 15: loss=0.2944 val_auroc=0.8330
head epoch 16: loss=0.2934 val_auroc=0.8329
head epoch 17: loss=0.2930 val_auroc=0.8299
head epoch 18: loss=0.2920 val_auroc=0.8289
head epoch 19: loss=0.2906 val_auroc=0.8305
head epoch 20: loss=0.2899 val_auroc=0.8271
head epoch 21: loss=0.2883 val_auroc=0.8326
head epoch 22: loss=0.2879 val_auroc=0.8305
head epoch 23: loss=0.2868 val_auroc=0.8286
head epoch 24: loss=0.2855 val_auroc=0.8285
head epoch 25: loss=0.2852 val_auroc=0.8282
head epoch 26: loss=0.2845 val_auroc=0.8274
head epoch 27: loss=0.2828 val_auroc=0.8296
head epoch 28: loss=0.2820 val_auroc=0.8222
head epoch 29: loss=0.2808 val_auroc=0.8242
head epoch 30: loss=0.2792 val_auroc=0.8247
best val AUROC 0.8378; weights -> outputs/patch_relation/baseline.pt
[ 1/15] clean            7.5s  (eta ~ 104s)
[ 2/15] jpeg_q90         7.8s  (eta ~  99s)
[ 3/15] jpeg_q70         7.7s  (eta ~  92s)
[ 4/15] jpeg_q50         7.7s  (eta ~  84s)
[ 5/15] jpeg_q30         7.7s  (eta ~  77s)
[ 6/15] blur_s0.5        9.1s  (eta ~  71s)
[ 7/15] blur_s1.0        9.1s  (eta ~  65s)
[ 8/15] blur_s2.0        9.1s  (eta ~  57s)
[ 9/15] resize_0.5x      8.0s  (eta ~  49s)
[10/15] resize_0.25x     7.8s  (eta ~  41s)
[11/15] noise_s0.02      9.4s  (eta ~  33s)
[12/15] noise_s0.05      9.4s  (eta ~  25s)
[13/15] noise_s0.10      9.4s  (eta ~  17s)
[14/15] jitter_20        7.9s  (eta ~   8s)
[15/15] crop_80          5.5s  (eta ~   0s)
# Robustness evaluation — model `patch_relation`

Threshold frozen on clean val: 0.9205

| condition | AUROC | bal.acc @ frozen thr | FPR@95%TPR | n |
|---|---|---|---|---|
| clean | 0.9517 | 0.8970 | 0.2877 | 1200 |
| jpeg_q90 | 0.9464 | 0.8817 | 0.3699 | 1200 |
| jpeg_q70 | 0.9444 | 0.8992 | 0.4247 | 1200 |
| jpeg_q50 | 0.9421 | 0.8660 | 0.4521 | 1200 |
| jpeg_q30 | 0.9469 | 0.8784 | 0.3014 | 1200 |
| blur_s0.5 | 0.9275 | 0.8631 | 0.5342 | 1200 |
| blur_s1.0 | 0.6845 | 0.7136 | 0.9452 | 1200 |
| blur_s2.0 | 0.6910 | 0.6840 | 0.9726 | 1200 |
| resize_0.5x | 0.7261 | 0.7295 | 0.9178 | 1200 |
| resize_0.25x | 0.6365 | 0.6550 | 0.9452 | 1200 |
| noise_s0.02 | 0.9553 | 0.8853 | 0.3014 | 1200 |
| noise_s0.05 | 0.9633 | 0.8828 | 0.2192 | 1200 |
| noise_s0.10 | 0.9630 | 0.8948 | 0.1918 | 1200 |
| jitter_20 | 0.9217 | 0.8604 | 0.6027 | 1200 |
| crop_80 | 0.7194 | 0.7397 | 0.9452 | 1200 |

**Clean AUROC:** 0.9517 · **Mean transformed:** 0.8549 · **Worst:** 0.6365 (resize_0.25x)

## Per-generator (each generator's fakes vs all reals)

| generator | n fake | clean AUROC | mean transformed | worst |
|---|---|---|---|---|
| biggan | 35 | 0.9229 | 0.9113 | 0.8908 |
| ddim | 74 | 0.9987 | 0.9873 | 0.9439 |
| ddpm | 812 | 0.9859 | 0.8521 | 0.5556 |
| stargan | 48 | 0.9067 | 0.9016 | 0.8887 |
| stylegan | 69 | 0.9230 | 0.9173 | 0.9073 |
| vqvae | 89 | 0.6581 | 0.6739 | 0.6497 |

Saved to outputs/patch_relation/eval_wf_test/
[ 1/15] clean            7.3s  (eta ~ 102s)
[ 2/15] jpeg_q90        10.9s  (eta ~ 118s)
[ 3/15] jpeg_q70        10.5s  (eta ~ 114s)
[ 4/15] jpeg_q50        10.1s  (eta ~ 106s)
[ 5/15] jpeg_q30         9.8s  (eta ~  97s)
[ 6/15] blur_s0.5       30.9s  (eta ~ 119s)
[ 7/15] blur_s1.0       30.9s  (eta ~ 126s)
[ 8/15] blur_s2.0       30.8s  (eta ~ 123s)
[ 9/15] resize_0.5x     15.1s  (eta ~ 104s)
[10/15] resize_0.25x    12.8s  (eta ~  84s)
[11/15] noise_s0.02     32.1s  (eta ~  73s)
[12/15] noise_s0.05     32.1s  (eta ~  58s)
[13/15] noise_s0.10     32.0s  (eta ~  41s)
[14/15] jitter_20       13.0s  (eta ~  20s)
[15/15] crop_80          6.7s  (eta ~   0s)
# Robustness evaluation — model `patch_relation`

Threshold frozen on clean val: 0.7797

| condition | AUROC | bal.acc @ frozen thr | FPR@95%TPR | n |
|---|---|---|---|---|
| clean | 0.9580 | 0.9113 | 0.1338 | 1200 |
| jpeg_q90 | 0.9696 | 0.9209 | 0.1053 | 1200 |
| jpeg_q70 | 0.9708 | 0.9286 | 0.0789 | 1200 |
| jpeg_q50 | 0.9794 | 0.9410 | 0.0680 | 1200 |
| jpeg_q30 | 0.9675 | 0.9254 | 0.1031 | 1200 |
| blur_s0.5 | 0.9365 | 0.8622 | 0.1820 | 1200 |
| blur_s1.0 | 0.8172 | 0.6680 | 0.3531 | 1200 |
| blur_s2.0 | 0.8496 | 0.7415 | 0.3333 | 1200 |
| resize_0.5x | 0.8263 | 0.7151 | 0.3531 | 1200 |
| resize_0.25x | 0.8818 | 0.7537 | 0.2675 | 1200 |
| noise_s0.02 | 0.9856 | 0.9727 | 0.0307 | 1200 |
| noise_s0.05 | 0.9952 | 0.9868 | 0.0066 | 1200 |
| noise_s0.10 | 0.9999 | 0.9912 | 0.0000 | 1200 |
| jitter_20 | 0.9445 | 0.8817 | 0.1711 | 1200 |
| crop_80 | 0.9693 | 0.9110 | 0.1272 | 1200 |

**Clean AUROC:** 0.9580 · **Mean transformed:** 0.9352 · **Worst:** 0.8172 (blur_s1.0)

## Per-generator (each generator's fakes vs all reals)

| generator | n fake | clean AUROC | mean transformed | worst |
|---|---|---|---|---|
| dalle_advanced | 744 | 0.9580 | 0.9352 | 0.8172 |

Saved to outputs/patch_relation/eval_official/
ATTN DONE
