[32mActivated conda/uv virtual environment at [36m/venv/main[0m
== CANONICALIZE artifact  Mon Aug 31 08:08:58 UTC 2026
42000/99816 (782/s, eta 1m)
44000/99816 (787/s, eta 1m)
46000/99816 (783/s, eta 1m)
48000/99816 (785/s, eta 1m)
50000/99816 (784/s, eta 1m)
52000/99816 (791/s, eta 1m)
54000/99816 (792/s, eta 1m)
56000/99816 (792/s, eta 1m)
58000/99816 (791/s, eta 1m)
60000/99816 (787/s, eta 1m)
62000/99816 (791/s, eta 1m)
64000/99816 (792/s, eta 1m)
66000/99816 (790/s, eta 1m)
68000/99816 (790/s, eta 1m)
70000/99816 (787/s, eta 1m)
72000/99816 (788/s, eta 1m)
74000/99816 (785/s, eta 1m)
76000/99816 (787/s, eta 1m)
78000/99816 (787/s, eta 0m)
80000/99816 (788/s, eta 0m)
82000/99816 (788/s, eta 0m)
84000/99816 (788/s, eta 0m)
86000/99816 (790/s, eta 0m)
88000/99816 (790/s, eta 0m)
90000/99816 (789/s, eta 0m)
92000/99816 (792/s, eta 0m)
94000/99816 (790/s, eta 0m)
96000/99816 (791/s, eta 0m)
98000/99816 (792/s, eta 0m)
99816 rows -> data/manifests/canon_artifact.csv
== CANONICALIZE ext  Mon Aug 31 08:11:03 UTC 2026
skip ./data/ext/img/sid_real/bbba766439a86353.jpg: smaller than crop (320x162)
skip ./data/ext/img/sid_real/5d3dcae12b07b90b.jpg: smaller than crop (106x320)
skip ./data/ext/img/sid_real/175b4657ff9d9c38.jpg: smaller than crop (127x320)
skip ./data/ext/img/sid_real/c2521377fa0782f5.jpg: smaller than crop (320x163)
skip ./data/ext/img/sid_real/1e25d25e48c91200.jpg: smaller than crop (141x320)
skip ./data/ext/img/sid_real/c27e868e03823897.jpg: smaller than crop (320x119)
skip ./data/ext/img/sid_real/0aed0e968064127a.jpg: smaller than crop (320x160)
skip ./data/ext/img/sid_real/3258ca6a667827f1.jpg: smaller than crop (141x320)
skip ./data/ext/img/sid_real/00f4de8a765ff5c9.jpg: smaller than crop (320x160)
skip ./data/ext/img/sid_real/39ee79f55c590aaa.jpg: smaller than crop (320x146)
skip ./data/ext/img/sid_real/4889ab68ff390f45.jpg: smaller than crop (320x146)
skip ./data/ext/img/sid_real/121863f4da7ded0c.jpg: smaller than crop (320x161)
skip ./data/ext/img/sid_real/ed96e3435944cbca.jpg: smaller than crop (170x320)
skip ./data/ext/img/sid_real/48bc6d39e6587949.jpg: smaller than crop (320x174)
skip ./data/ext/img/sid_real/a1ac694f4fe5f41a.jpg: smaller than crop (320x175)
skip ./data/ext/img/sid_real/0157b4a67b64cf22.jpg: smaller than crop (320x175)
skip ./data/ext/img/sid_real/e5991a110bcf95db.jpg: smaller than crop (320x160)
skip ./data/ext/img/sid_real/a1ba327e8d477a70.jpg: smaller than crop (320x109)
skip ./data/ext/img/sid_real/495ba394ffedabe1.jpg: smaller than crop (320x173)
skip ./data/ext/img/sid_real/1295b04c29a1af08.jpg: smaller than crop (131x320)
skip ./data/ext/img/sid_real/49b132849fd36dce.jpg: smaller than crop (320x162)
skip ./data/ext/img/sid_real/7af183e4c8f1d098.jpg: smaller than crop (320x140)
skip ./data/ext/img/sid_real/b90e7d4589d8e7a3.jpg: smaller than crop (320x163)
skip ./data/ext/img/sid_real/a48b0bcd8e0c8e5c.jpg: smaller than crop (320x145)
skip ./data/ext/img/sid_real/f95c65000da771f6.jpg: smaller than crop (320x172)
skip ./data/ext/img/sid_real/d387b3e09466cb83.jpg: smaller than crop (152x320)
skip ./data/ext/img/sid_real/e1de517557f51780.jpg: smaller than crop (320x172)
60000/62832 (307/s, eta 0m)
62000/62832 (307/s, eta 0m)
62618 rows -> data/manifests/canon_ext.csv
CANON6_DATA_STAGE1_DONE  Mon Aug 31 08:14:28 UTC 2026
