[32mActivated conda/uv virtual environment at [36m/venv/main[0m
===== reals-only supplement  Mon Aug 31 12:27:26 UTC 2026
79816 small reals (<=341) from ArtiFact + WildFake
===== assemble, EQUAL buckets  Mon Aug 31 12:27:27 UTC 2026
total 252675 rows from 2 manifests (3064 dropped by --exclude)
pre-balance: train 202125 val 25241 test 25309
balance (per native-size bucket, larger class subsampled):
  train: EQUAL buckets -> 406 per class per bucket (buckets supplying >=50: 5)
  train bucket 342-512   real   13649 fake   14974 -> keep    406 each (27811 to test)
  train bucket 513-768   real   22743 fake     406 -> keep    406 each (22337 to test)
  train bucket 769-1024  real   22337 fake   31848 -> keep    406 each (53373 to test)
  train bucket <=341     real   64807 fake   17069 -> keep    406 each (81064 to test)
  train bucket >1024     real    7635 fake    6657 -> keep    406 each (13480 to test)
  val: EQUAL buckets -> 56 per class per bucket (buckets supplying >=50: 5)
  val   bucket 342-512   real    1725 fake    1861 -> keep     56 each (3474 to test)
  val   bucket 513-768   real    2792 fake      56 -> keep     56 each (2736 to test)
  val   bucket 769-1024  real    2771 fake    4009 -> keep     56 each (6668 to test)
  val   bucket <=341     real    8091 fake    2124 -> keep     56 each (10103 to test)
  val   bucket >1024     real    1014 fake     798 -> keep     56 each (1700 to test)
data/manifests/final_train.csv: 4060 rows (2030 real / 2030 fake), 45 fake generators
data/manifests/final_val.csv: 560 rows (280 real / 280 fake), 44 fake generators
data/manifests/final_test.csv: 248055 rows (161659 real / 86396 fake), 45 fake generators
===== GATES  Mon Aug 31 12:27:29 UTC 2026

gate                                           verdict  note
--------------------------------------------------------------------------------------------------------------
label provenance                               PASS     labels re-derived from source
bucket balance                                 PASS     
shortcut (metadata) final_train.csv            PASS     AUROC 0.4922 — canonical files only: BLIND to native size
canary (dumb pixels) final_train.csv           CAVEAT   worst 0.6852 — verify on the CHECKPOINT (scripts.style_check), not the manifest
size_audit final_train.csv                     PASS     1 distinct canonical size(s): ['176x176']
NATIVE size final_train.csv                    PASS     the one no canonical-pixel audit can do
CONTENT within size bucket final_train.csv     PASS     same subjects on both sides INSIDE each bucket

Any CAVEAT must appear beside every number reported from this manifest.
data/manifests/final_train.csv  (4060 rows)
  subject                real     fake  fake:real  flag
  other                  1104     1798       1.63  
  general scenes          599      123       0.21  
  faces                   140       63       0.45  
  animals                  74        8       0.11  
  church                   42        0       0.00  
  bedroom                   3       35      11.67  
  painting                 22        3       0.14  
  voc objects              22        0       0.00  
  landscape                18        0       0.00  
  vehicles/street           6        0       0.00  

VERDICT: every subject has both classes
# Data state — `data/manifests/final`

| split | total | real | fake | fake generators |
|---|---|---|---|---|
| **train** | 4,060 | 2,030 | 2,030 | 45 |
| **val** | 560 | 280 | 280 | 44 |
| **test** | 248,055 | 161,659 | 86,396 | 45 |

