
canary audit — data/manifests/canon6_train.csv  (3000 rows, 1462 real / 1538 fake)

  style    ( 12d)  AUROC 0.6508   FAIL — classes differ in content, not just in being fake
           global style stats: tone, saturation, grain, sharpness, vignette
             vs real: big_gan          0.914  (n=56)
             vs real: cycle_gan        0.829  (n=53)
             vs real: star_gan         0.809  (n=57)
             vs real: sdxl             0.807  (n=78)
             vs real: sfhq             0.787  (n=38)
             vs real: glide            0.768  (n=35)
             vs real: latent_diffusion 0.761  (n=46)
             vs real: gau_gan          0.737  (n=44)
             vs real: face_synthetics  0.719  (n=58)
             vs real: gansformer       0.704  (n=46)
             vs real: cips             0.698  (n=67)
             vs real: denoising_diffusion_gan 0.691  (n=58)
             vs real: flux_sid         0.667  (n=65)
             vs real: projected_gan    0.657  (n=51)
             vs real: stylegan3        0.654  (n=63)
             vs real: vq_diffusion     0.642  (n=44)
             vs real: taming_transformer 0.640  (n=40)
             vs real: pro_gan          0.610  (n=50)
             vs real: diffusion_gan    0.607  (n=40)
             vs real: stylegan1        0.587  (n=50)
             vs real: stylegan2        0.582  (n=41)
             vs real: sd14             0.523  (n=77)
             vs real: midjourney_v6    0.511  (n=221)
             vs real: sd21             0.498  (n=105)
             vs real: stable_diffusion 0.473  (n=55)

  color    (  8d)  AUROC 0.5349   CLEAN
           mean/std colour + brightness + saturation
             vs real: stylegan3        0.673  (n=63)
             vs real: midjourney_v6    0.661  (n=221)
             vs real: sfhq             0.657  (n=38)
             vs real: big_gan          0.613  (n=56)
             vs real: denoising_diffusion_gan 0.603  (n=58)
             vs real: star_gan         0.591  (n=57)
             vs real: stylegan1        0.588  (n=50)
             vs real: flux_sid         0.584  (n=65)
             vs real: cycle_gan        0.577  (n=53)
             vs real: face_synthetics  0.567  (n=58)
             vs real: vq_diffusion     0.562  (n=44)
             vs real: gansformer       0.540  (n=46)
             vs real: pro_gan          0.538  (n=50)
             vs real: gau_gan          0.537  (n=44)
             vs real: taming_transformer 0.537  (n=40)
             vs real: stylegan2        0.504  (n=41)
             vs real: diffusion_gan    0.500  (n=40)
             vs real: projected_gan    0.494  (n=51)
             vs real: latent_diffusion 0.462  (n=46)
             vs real: sd14             0.456  (n=77)
             vs real: sd21             0.444  (n=105)
             vs real: glide            0.436  (n=35)
             vs real: stable_diffusion 0.387  (n=55)
             vs real: cips             0.381  (n=67)
             vs real: sdxl             0.294  (n=78)

  hist     ( 48d)  AUROC 0.5286   CLEAN
           16-bin colour histogram per channel
             vs real: face_synthetics  0.754  (n=58)
             vs real: sfhq             0.697  (n=38)
             vs real: midjourney_v6    0.630  (n=221)
             vs real: flux_sid         0.576  (n=65)
             vs real: glide            0.571  (n=35)
             vs real: diffusion_gan    0.567  (n=40)
             vs real: stylegan3        0.561  (n=63)
             vs real: pro_gan          0.555  (n=50)
             vs real: big_gan          0.537  (n=56)
             vs real: sd14             0.537  (n=77)
             vs real: vq_diffusion     0.534  (n=44)
             vs real: stylegan1        0.503  (n=50)
             vs real: sdxl             0.495  (n=78)
             vs real: projected_gan    0.494  (n=51)
             vs real: gau_gan          0.488  (n=44)
             vs real: cycle_gan        0.481  (n=53)
             vs real: taming_transformer 0.478  (n=40)
             vs real: stylegan2        0.476  (n=41)
             vs real: denoising_diffusion_gan 0.468  (n=58)
             vs real: gansformer       0.458  (n=46)
             vs real: sd21             0.447  (n=105)
             vs real: star_gan         0.436  (n=57)
             vs real: cips             0.428  (n=67)
             vs real: latent_diffusion 0.422  (n=46)
             vs real: stable_diffusion 0.417  (n=55)

  thumb8   ( 64d)  AUROC 0.5074   CLEAN
           8x8 greyscale thumbnail (layout only)
             vs real: sfhq             0.625  (n=38)
             vs real: denoising_diffusion_gan 0.615  (n=58)
             vs real: face_synthetics  0.614  (n=58)
             vs real: glide            0.546  (n=35)
             vs real: stylegan3        0.543  (n=63)
             vs real: stable_diffusion 0.542  (n=55)
             vs real: stylegan1        0.539  (n=50)
             vs real: diffusion_gan    0.537  (n=40)
             vs real: star_gan         0.534  (n=57)
             vs real: taming_transformer 0.533  (n=40)
             vs real: gau_gan          0.523  (n=44)
             vs real: sd14             0.511  (n=77)
             vs real: sd21             0.511  (n=105)
             vs real: flux_sid         0.506  (n=65)
             vs real: gansformer       0.504  (n=46)
             vs real: latent_diffusion 0.496  (n=46)
             vs real: midjourney_v6    0.492  (n=221)
             vs real: vq_diffusion     0.488  (n=44)
             vs real: big_gan          0.484  (n=56)
             vs real: stylegan2        0.471  (n=41)
             vs real: sdxl             0.470  (n=78)
             vs real: cycle_gan        0.461  (n=53)
             vs real: projected_gan    0.448  (n=51)
             vs real: pro_gan          0.439  (n=50)
             vs real: cips             0.368  (n=67)

  blur     ( 27d)  AUROC 0.5219   CLEAN
           sigma-8 blur, 3x3 grid means (content only)
             vs real: flux_sid         0.611  (n=65)
             vs real: taming_transformer 0.604  (n=40)
             vs real: face_synthetics  0.586  (n=58)
             vs real: star_gan         0.577  (n=57)
             vs real: denoising_diffusion_gan 0.574  (n=58)
             vs real: sd21             0.573  (n=105)
             vs real: latent_diffusion 0.564  (n=46)
             vs real: sdxl             0.560  (n=78)
             vs real: stylegan1        0.551  (n=50)
             vs real: midjourney_v6    0.542  (n=221)
             vs real: gansformer       0.537  (n=46)
             vs real: gau_gan          0.534  (n=44)
             vs real: vq_diffusion     0.524  (n=44)
             vs real: stylegan3        0.518  (n=63)
             vs real: sd14             0.518  (n=77)
             vs real: pro_gan          0.515  (n=50)
             vs real: glide            0.511  (n=35)
             vs real: sfhq             0.503  (n=38)
             vs real: big_gan          0.501  (n=56)
             vs real: diffusion_gan    0.485  (n=40)
             vs real: stable_diffusion 0.465  (n=55)
             vs real: cycle_gan        0.463  (n=53)
             vs real: stylegan2        0.402  (n=41)
             vs real: projected_gan    0.397  (n=51)
             vs real: cips             0.309  (n=67)

WORST CANARY: 0.6508  [FAIL — classes differ in content, not just in being fake]
