[32mActivated conda/uv virtual environment at [36m/venv/main[0m
GPU free, starting fixed re-runs  Mon Aug 31 17:34:47 UTC 2026
########## canon6_B  Mon Aug 31 17:34:47 UTC 2026
device=cuda augment=True VAL_AUGMENT=False blur_boost=False hard_aug=0.0 stack_aug=0.4 crop=random 112-168 (val fixed 140)
params: 316,373,313
loss: BCE with real_weight=2.0 + 1.0 * cos agreement over 2 views/image
epoch 1: loss=0.3374 agree=0.0115 share=3.4% val_auroc=0.9928 (371s)
epoch 2: loss=0.2242 agree=0.0047 share=2.1% val_auroc=0.9955 (370s)
epoch 3: loss=0.1834 agree=0.0034 share=1.9% val_auroc=0.9966 (368s)
epoch 4: loss=0.1519 agree=0.0025 share=1.6% val_auroc=0.9967 (373s)
best val AUROC 0.9967; weights -> outputs/pe_ft/canon6_B.pt
**Clean AUROC:** 0.9993 · **Mean transformed:** 0.9972 · **Worst:** 0.9920 (noise_s0.10)
########## outputs/pe_ft/eval_canon6_B_official900   (outputs/pe_ft/eval_canon6_B_official900/scores.npz, 14 transformed conditions)
  CLEAN only         n=   900 (326 real / 574 AI)  AUROC 0.9993   cut-off 0.0991
      actually AI    -> AI    569   -> real      5
      actually real  -> AI      4   -> real    322
      recall  99.1%   false-alarm 1.23%
  AUGMENTED only     n= 12600 (4564 real / 8036 AI)  AUROC 0.9969   cut-off 0.3843
      actually AI    -> AI   7803   -> real    233
      actually real  -> AI     46   -> real   4518
      recall  97.1%   false-alarm 1.01%
  50/50 judges' mix  n=  1800 (645 real / 1155 AI)  AUROC 0.9987   cut-off 0.2681
      actually AI    -> AI   1142   -> real     13
      actually real  -> AI      7   -> real    638
      recall  98.9%   false-alarm 1.09%

HACK SET POOLED over 15 conditions  n=375 (75 real / 300 AI)  AUROC=0.8714
ONE GLOBAL CUT-OFF = 0.3014  (at 1% false alarms on all reals)
                       predicted AI    predicted real
  actually AI               209                91
  actually real               1                74
  recall 69.7%   false-alarm 1.3%
  CAVEAT: only 5 real files, so the false-alarm rate here has huge error bars; read the recall column and the per-condition table, not this cut-off, as evidence.
########## canon6_C  Mon Aug 31 18:09:41 UTC 2026
device=cuda augment=True VAL_AUGMENT=False blur_boost=False hard_aug=0.0 stack_aug=0.4 crop=random 112-168 (val fixed 140)
Warning: You are sending unauthenticated requests to the HF Hub. Please set a HF_TOKEN to enable higher rate limits and faster downloads.
params: 316,168,321
trunk: top 1 of 24 blocks + norm + attn_pool trainable (25,193,472 params); 290,909,184 frozen
  lr ladder: block23    lr=2.000e-06  (12,596,224 params)
  lr ladder: norm       lr=4.472e-06  (2,048 params)
  lr ladder: attn_pool  lr=1.000e-05  (12,595,200 params)
  lr ladder: head       lr=1.000e-03  (65,665 params, fresh weights, off the ladder)
loss: BCE with real_weight=2.0 + 3.0 * cos agreement over 2 views/image
epoch 1: loss=0.5738 agree=0.0128 share=6.7% val_auroc=0.9226 (147s)
epoch 2: loss=0.5083 agree=0.0036 share=2.1% val_auroc=0.9368 (144s)
epoch 3: loss=0.4838 agree=0.0025 share=1.6% val_auroc=0.9417 (144s)
epoch 4: loss=0.4615 agree=0.0020 share=1.3% val_auroc=0.9468 (143s)
best val AUROC 0.9468; weights -> outputs/pe_ft/canon6_C.pt
**Clean AUROC:** 0.9993 · **Mean transformed:** 0.9976 · **Worst:** 0.9923 (noise_s0.10)
########## outputs/pe_ft/eval_canon6_C_official900   (outputs/pe_ft/eval_canon6_C_official900/scores.npz, 14 transformed conditions)
  CLEAN only         n=   900 (326 real / 574 AI)  AUROC 0.9993   cut-off 0.4139
      actually AI    -> AI    570   -> real      4
      actually real  -> AI      4   -> real    322
      recall  99.3%   false-alarm 1.23%
  AUGMENTED only     n= 12600 (4564 real / 8036 AI)  AUROC 0.9978   cut-off 0.4563
      actually AI    -> AI   7895   -> real    141
      actually real  -> AI     46   -> real   4518
      recall  98.2%   false-alarm 1.01%
  50/50 judges' mix  n=  1800 (645 real / 1155 AI)  AUROC 0.9993   cut-off 0.4134
      actually AI    -> AI   1143   -> real     12
      actually real  -> AI      7   -> real    638
      recall  99.0%   false-alarm 1.09%

HACK SET POOLED over 15 conditions  n=375 (75 real / 300 AI)  AUROC=0.9745
ONE GLOBAL CUT-OFF = 0.6683  (at 1% false alarms on all reals)
                       predicted AI    predicted real
  actually AI               260                40
  actually real               1                74
  recall 86.7%   false-alarm 1.3%
  CAVEAT: only 5 real files, so the false-alarm rate here has huge error bars; read the recall column and the per-condition table, not this cut-off, as evidence.
########## canon6_A  Mon Aug 31 18:29:15 UTC 2026
device=cuda augment=True VAL_AUGMENT=False blur_boost=False hard_aug=0.0 stack_aug=0.4 crop=random 112-168 (val fixed 140)
Warning: You are sending unauthenticated requests to the HF Hub. Please set a HF_TOKEN to enable higher rate limits and faster downloads.
params: 316,168,321
loss: BCE with real_weight=2.0 + 1.0 * cos agreement over 2 views/image
epoch 1: loss=0.3363 agree=0.0081 share=2.4% val_auroc=0.9943 (369s)
epoch 2: loss=0.2183 agree=0.0039 share=1.8% val_auroc=0.9963 (371s)
epoch 3: loss=0.1773 agree=0.0027 share=1.5% val_auroc=0.9962 (370s)
epoch 4: loss=0.1518 agree=0.0017 share=1.2% val_auroc=0.9968 (366s)
best val AUROC 0.9968; weights -> outputs/pe_ft/canon6_A.pt
**Clean AUROC:** 0.9983 · **Mean transformed:** 0.9970 · **Worst:** 0.9952 (noise_s0.10)
########## outputs/pe_ft/eval_canon6_A_official900   (outputs/pe_ft/eval_canon6_A_official900/scores.npz, 14 transformed conditions)
  CLEAN only         n=   900 (326 real / 574 AI)  AUROC 0.9983   cut-off 0.0897
      actually AI    -> AI    568   -> real      6
      actually real  -> AI      4   -> real    322
      recall  99.0%   false-alarm 1.23%
  AUGMENTED only     n= 12600 (4564 real / 8036 AI)  AUROC 0.9969   cut-off 0.2573
      actually AI    -> AI   7880   -> real    156
      actually real  -> AI     46   -> real   4518
      recall  98.1%   false-alarm 1.01%
  50/50 judges' mix  n=  1800 (645 real / 1155 AI)  AUROC 0.9984   cut-off 0.1765
      actually AI    -> AI   1146   -> real      9
      actually real  -> AI      7   -> real    638
      recall  99.2%   false-alarm 1.09%

HACK SET POOLED over 15 conditions  n=375 (75 real / 300 AI)  AUROC=0.9091
ONE GLOBAL CUT-OFF = 0.0384  (at 1% false alarms on all reals)
                       predicted AI    predicted real
  actually AI               258                42
  actually real               1                74
  recall 86.0%   false-alarm 1.3%
  CAVEAT: only 5 real files, so the false-alarm rate here has huge error bars; read the recall column and the per-condition table, not this cut-off, as evidence.
########## canon6_B6  Mon Aug 31 19:03:48 UTC 2026
device=cuda augment=True VAL_AUGMENT=False blur_boost=False hard_aug=0.0 stack_aug=0.4 crop=random 112-168 (val fixed 140)
Warning: You are sending unauthenticated requests to the HF Hub. Please set a HF_TOKEN to enable higher rate limits and faster downloads.
params: 316,373,313
loss: BCE with real_weight=2.0 + 6.0 * cos agreement over 2 views/image
epoch 1: loss=0.3619 agree=0.0028 share=4.6% val_auroc=0.9940 (370s)
epoch 2: loss=0.2322 agree=0.0011 share=2.9% val_auroc=0.9958 (372s)
