[32mActivated conda/uv virtual environment at [36m/venv/main[0m
appending A+lowLR re-run  Mon Aug 31 19:38:47 UTC 2026
########## canon6_AlowLR  idea A, alpha 3.0, trunk LR 2e-6, correct augmentation  Mon Aug 31 19:38:47 UTC 2026
device=cuda augment=True VAL_AUGMENT=False blur_boost=False hard_aug=0.0 stack_aug=0.4 crop=random 112-168 (val fixed 140)
Warning: You are sending unauthenticated requests to the HF Hub. Please set a HF_TOKEN to enable higher rate limits and faster downloads.
params: 316,168,321
loss: BCE with real_weight=2.0 + 3.0 * cos agreement over 2 views/image
epoch 1: loss=0.4023 agree=0.0059 share=4.4% val_auroc=0.9898 (370s)
epoch 2: loss=0.2690 agree=0.0028 share=3.1% val_auroc=0.9951 (371s)
epoch 3: loss=0.2233 agree=0.0021 share=2.8% val_auroc=0.9959 (369s)
epoch 4: loss=0.1893 agree=0.0015 share=2.5% val_auroc=0.9967 (372s)
best val AUROC 0.9967; weights -> outputs/pe_ft/canon6_AlowLR.pt
**Clean AUROC:** 0.9999 · **Mean transformed:** 0.9995 · **Worst:** 0.9982 (noise_s0.10)
########## outputs/pe_ft/eval_canon6_AlowLR_official900   (outputs/pe_ft/eval_canon6_AlowLR_official900/scores.npz, 14 transformed conditions)
  CLEAN only         n=   900 (326 real / 574 AI)  AUROC 0.9999   cut-off 0.0650
      actually AI    -> AI    574   -> real      0
      actually real  -> AI      4   -> real    322
      recall 100.0%   false-alarm 1.23%
  AUGMENTED only     n= 12600 (4564 real / 8036 AI)  AUROC 0.9995   cut-off 0.2788
      actually AI    -> AI   7922   -> real    114
      actually real  -> AI     46   -> real   4518
      recall  98.6%   false-alarm 1.01%
  50/50 judges' mix  n=  1800 (645 real / 1155 AI)  AUROC 0.9998   cut-off 0.1841
      actually AI    -> AI   1147   -> real      8
      actually real  -> AI      7   -> real    638
      recall  99.3%   false-alarm 1.09%

HACK SET POOLED over 15 conditions  n=375 (75 real / 300 AI)  AUROC=0.9624
ONE GLOBAL CUT-OFF = 0.1063  (at 1% false alarms on all reals)
                       predicted AI    predicted real
  actually AI               267                33
  actually real               1                74
  recall 89.0%   false-alarm 1.3%
  CAVEAT: only 5 real files, so the false-alarm rate here has huge error bars; read the recall column and the per-condition table, not this cut-off, as evidence.
NIGHT2_DONE Mon Aug 31 20:13:28 UTC 2026
